<?xml version="1.0" encoding="utf-8"?><testsuites><testsuite name="pytest" errors="0" failures="0" skipped="18" tests="1024" time="8.817" timestamp="2024-01-23T11:19:07.023856" hostname="DIT004281"><testcase classname="conf.tests.test_redirects" name="test_redirects[/international/trade/investment-support-directory/search/-/international/investment-support-directory/]" time="0.172" /><testcase classname="conf.tests.test_redirects" name="test_redirects[/international/content/trade/-/international/trade/]" time="0.021" /><testcase classname="conf.tests.test_redirects" name="test_redirects[/international/content/trade/contact/-/international/trade/contact/]" time="0.003" /><testcase classname="conf.tests.test_redirects" name="test_redirects[/international/trade/incoming/-/international/trade/]" time="0.003" /><testcase classname="conf.tests.test_redirects" name="test_redirects[/international/content/invest/-/international/investment/]" time="0.003" /><testcase classname="conf.tests.test_redirects" name="test_redirects[/international/invest/incoming/-/international/investment/]" time="0.002" /><testcase classname="conf.tests.test_redirects" name="test_redirects[/international/invest/incoming/foo/-/international/investment/]" time="0.003" /><testcase classname="conf.tests.test_redirects" name="test_redirects[/international/content/opportunities/-/international/investment/opportunities/0]" time="0.003" /><testcase classname="conf.tests.test_redirects" name="test_redirects[/international/content/opportunities/?Region=Wales&amp;Sector=Test-/international/investment/opportunities/?Region=Wales&amp;Sector=Test]" time="0.003" /><testcase classname="conf.tests.test_redirects" name="test_redirects[/international/content/invest/high-potential-opportunities/contact/-/international/content/investment/foreign-direct-investment-contact/]" time="0.003" /><testcase classname="conf.tests.test_redirects" name="test_redirects[/international/content/invest/high-potential-opportunities/contact/success/-/international/content/investment/foreign-direct-investment-contact/success/]" time="0.003" /><testcase classname="conf.tests.test_redirects" name="test_redirects[/international/content/expand/-/international/investment/]" time="0.003" /><testcase classname="conf.tests.test_redirects" name="test_redirects[/international/content/expand/high-potential-opportunities/contact/-/international/content/investment/foreign-direct-investment-contact/]" time="0.003" /><testcase classname="conf.tests.test_redirects" name="test_redirects[/international/content/expand/high-potential-opportunities/contact/success/-/international/content/investment/foreign-direct-investment-contact/success/]" time="0.003" /><testcase classname="conf.tests.test_redirects" name="test_redirects[/international/invest/-/international/investment/]" time="0.003" /><testcase classname="conf.tests.test_redirects" name="test_redirects[/international/content/capital-invest/-/international/investment/]" time="0.003" /><testcase classname="conf.tests.test_redirects" name="test_redirects[/international/content/capital-invest/how-we-help-you-invest-capital/-/international/content/investment/how-we-can-help/]" time="0.003" /><testcase classname="conf.tests.test_redirects" name="test_redirects[/international/content/invest/test/-/international/investment/]" time="0.003" /><testcase classname="conf.tests.test_redirects" name="test_redirects[/international/content/about-us/-/international/content/investment/how-we-can-help/]" time="0.003" /><testcase classname="conf.tests.test_redirects" name="test_redirects[/international/content/opportunities/-/international/investment/opportunities/1]" time="0.003" /><testcase classname="conf.tests.test_redirects" name="test_redirects[/international/content/opportunities/test-opp-here/-/international/investment/opportunities/]" time="0.002" /><testcase classname="conf.tests.test_redirects" name="test_redirects[/international/content/invest/high-potential-opportunities/-/international/investment/opportunities/]" time="0.002" /><testcase classname="conf.tests.test_redirects" name="test_redirects[/international/content/invest/high-potential-opportunities/test/-/international/investment/opportunities/]" time="0.003" /><testcase classname="conf.tests.test_redirects" name="test_redirects[/international/content/investment/opportunities/-/international/investment/opportunities/]" time="0.003" /><testcase classname="conf.tests.test_redirects" name="test_redirects[/international/content/about-uk/-/international/content/investment/why-invest-in-the-uk/]" time="0.002" /><testcase classname="conf.tests.test_redirects" name="test_redirects[/international/content/about-uk/why-choose-uk/-/international/content/investment/why-invest-in-the-uk/]" time="0.003" /><testcase classname="conf.tests.test_redirects" name="test_redirects[/international/content/about-uk/why-choose-uk/tax-incentives/-/international/content/investment/why-invest-in-the-uk/tax-incentives/]" time="0.003" /><testcase classname="conf.tests.test_redirects" name="test_redirects[/international/content/about-uk/why-choose-uk/uk-talent-and-labour/-/international/content/investment/why-invest-in-the-uk/uk-talent-and-labour/]" time="0.003" /><testcase classname="conf.tests.test_redirects" name="test_redirects[/international/content/about-uk/why-choose-uk/uk-innovation/-/international/content/investment/why-invest-in-the-uk/uk-innovation/]" time="0.003" /><testcase classname="conf.tests.test_redirects" name="test_redirects[/international/content/about-uk/why-choose-uk/uk-infrastructure/-/international/content/investment/why-invest-in-the-uk/uk-infrastructure/]" time="0.003" /><testcase classname="conf.tests.test_redirects" name="test_redirects[/international/content/about-uk/why-choose-uk/uk-infrastructure//-/international/content/investment/why-invest-in-the-uk/uk-infrastructure/]" time="0.003" /><testcase classname="conf.tests.test_redirects" name="test_redirects[/international/content/about-uk/industries/-/international/content/investment/sectors/]" time="0.003" /><testcase classname="conf.tests.test_redirects" name="test_redirects[/international/content/about-uk/regions/-/international/content/investment/regions/]" time="0.002" /><testcase classname="conf.tests.test_redirects" name="test_redirects[/international/content/about-uk/regions/scotland/-/international/content/investment/regions/scotland/]" time="0.003" /><testcase classname="conf.tests.test_redirects" name="test_redirects[/international/content/about-uk/regions/northern-ireland/-/international/content/investment/regions/northern-ireland/]" time="0.003" /><testcase classname="conf.tests.test_redirects" name="test_redirects[/international/content/about-uk/regions/north-england/-/international/content/investment/regions/north-england/]" time="0.002" /><testcase classname="conf.tests.test_redirects" name="test_redirects[/international/content/about-uk/regions/wales/-/international/content/investment/regions/wales/]" time="0.003" /><testcase classname="conf.tests.test_redirects" name="test_redirects[/international/content/about-uk/regions/midlands/-/international/content/investment/regions/midlands/]" time="0.003" /><testcase classname="conf.tests.test_redirects" name="test_redirects[/international/content/about-uk/regions/south-england/-/international/content/investment/regions/south-england/]" time="0.003" /><testcase classname="conf.tests.test_redirects" name="test_redirects[/international/content/how-to-setup-in-the-uk/-/international/content/invest/how-to-setup-in-the-uk/]" time="0.003" /><testcase classname="conf.tests.test_redirects" name="test_redirects[/international/content/invest/how-to-setup-in-the-uk/-/international/investment/]" time="0.003" /><testcase classname="conf.tests.test_redirects" name="test_redirects[/international/content/invest/how-to-setup-in-the-uk/establish-a-base-for-business-in-the-uk/-/international/content/investment/how-we-can-help/establish-a-base-for-business-in-the-uk/]" time="0.003" /><testcase classname="conf.tests.test_redirects" name="test_redirects[/international/content/invest/how-to-setup-in-the-uk/research-and-development-rd-support-in-the-uk/-/international/content/investment/how-we-can-help/research-and-development-rd-support-in-the-uk/]" time="0.003" /><testcase classname="conf.tests.test_redirects" name="test_redirects[/international/content/invest/how-to-setup-in-the-uk/global-entrepreneur-program/-/international/content/investment/how-we-can-help/global-entrepreneur-program/]" time="0.003" /><testcase classname="conf.tests.test_redirects" name="test_redirects[/international/content/invest/how-to-setup-in-the-uk/uk-visas-and-migration/-/international/content/investment/how-we-can-help/uk-visas-and-migration/]" time="0.002" /><testcase classname="conf.tests.test_redirects" name="test_redirects[/international/content/invest/how-to-setup-in-the-uk/register-a-company-in-the-uk/-/international/content/investment/how-we-can-help/register-a-company-in-the-uk/]" time="0.002" /><testcase classname="conf.tests.test_redirects" name="test_redirects[/international/content/invest/how-to-setup-in-the-uk/hire-skilled-workers-for-your-uk-operations/-/international/content/investment/how-we-can-help/hire-skilled-workers-for-your-uk-operations/]" time="0.003" /><testcase classname="conf.tests.test_redirects" name="test_redirects[/international/content/invest/how-to-setup-in-the-uk/open-a-uk-business-bank-account/-/international/content/investment/how-we-can-help/open-a-uk-business-bank-account/]" time="0.002" /><testcase classname="conf.tests.test_redirects" name="test_redirects[/international/content/invest/how-to-setup-in-the-uk/uk-tax-and-incentives/-/international/content/investment/how-we-can-help/uk-tax-and-incentives/]" time="0.002" /><testcase classname="conf.tests.test_redirects" name="test_redirects[/international/content/invest/how-to-setup-in-the-uk/access-finance-in-the-uk/-/international/content/investment/how-we-can-help/access-finance-in-the-uk/]" time="0.003" /><testcase classname="conf.tests.test_redirects" name="test_redirects[/international/content/invest/how-to-setup-in-the-uk/access-finance-in-the-uk//-/international/content/investment/how-we-can-help/access-finance-in-the-uk/]" time="0.003" /><testcase classname="conf.tests.test_redirects" name="test_does_not_redirect[/international/investment-support-directory/]" time="0.050" /><testcase classname="conf.tests.test_redirects" name="test_does_not_redirect[/international/invest/perfectfit/]" time="0.017" /><testcase classname="conf.tests.test_redirects" name="test_does_not_redirect[/international/contact/]" time="0.008" /><testcase classname="conf.tests.test_redirects" name="test_does_not_redirect[/international/invest/contact/]" time="0.055" /><testcase classname="conf.tests.test_redirects" name="test_does_not_redirect[/international/invest/contact/success/]" time="0.007" /><testcase classname="conf.tests.test_redirects" name="test_does_not_redirect[/international/expand/contact/]" time="0.074" /><testcase classname="conf.tests.test_redirects" name="test_does_not_redirect[/international/expand/contact/success/]" time="0.006" /><testcase classname="conf.tests.test_redirects" name="test_does_not_redirect_cms_pages[/international/trade/-InternationalTradeHomePage]" time="0.015" /><testcase classname="conf.tests.test_urls" name="test_url_redirect_how_set_up_invest_page_on" time="0.010" /><testcase classname="conf.tests.test_urls" name="test_url_redirect_how_set_up_redirect_off" time="0.007" /><testcase classname="conf.tests.test_urls" name="test_url_redirect_industries_to_about_uk_page_on" time="0.009" /><testcase classname="conf.tests.test_urls" name="test_url_redirect_industries_to_about_uk_page_off" time="0.007" /><testcase classname="conf.tests.test_urls" name="test_url_redirect_international_contact_triage_on" time="0.007" /><testcase classname="conf.tests.test_urls" name="test_url_redirect_international_contact_triage_off" time="0.007" /><testcase classname="contact.tests.test_forms" name="test_contact_form_required" time="0.003" /><testcase classname="contact.tests.test_forms" name="test_contact_form_accept_valid_data" time="0.005" /><testcase classname="contact.tests.test_forms" name="test_contact_form_invalid_data" time="0.003" /><testcase classname="contact.tests.test_forms" name="test_save_calls_send_email" time="0.003" /><testcase classname="contact.tests.test_forms" name="test_send_agent_email" time="0.005" /><testcase classname="contact.tests.test_forms" name="test_render_agent_email_context" time="0.004" /><testcase classname="contact.tests.test_forms" name="test_send_user_email" time="0.004" /><testcase classname="contact.tests.test_forms" name="test_send_email_render_email" time="0.003" /><testcase classname="contact.tests.test_forms" name="test_send_email_render_email_optional_fields" time="0.003" /><testcase classname="contact.tests.test_views" name="test_contact_form_success" time="0.005" /><testcase classname="contact.tests.test_views" name="test_contact_invalid" time="0.004" /><testcase classname="contact.tests.test_views" name="test_contact_pages_localised_urls[invest-contact]" time="0.000"><skipped type="pytest.skip" message="Skipping this test as disabled translation">/Users/davidurquhart/great/great-international-ui/contact/tests/test_views.py:71: Skipping this test as disabled translation</skipped></testcase><testcase classname="contact.tests.test_views" name="test_contact_pages_localised_urls[invest-contact-success]" time="0.000"><skipped type="pytest.skip" message="Skipping this test as disabled translation">/Users/davidurquhart/great/great-international-ui/contact/tests/test_views.py:71: Skipping this test as disabled translation</skipped></testcase><testcase classname="contact.tests.test_views" name="test_contact_pages_localised_urls_all_languages[en-gb]" time="0.065" /><testcase classname="contact.tests.test_views" name="test_invest_contact_form_view" time="0.048" /><testcase classname="core.tests.test_context_modifier_registry" name="test_register_non_callable" time="0.002" /><testcase classname="core.tests.test_context_modifier_registry" name="test_register_direct" time="0.001" /><testcase classname="core.tests.test_context_modifier_registry" name="test_register_as_decorator" time="0.001" /><testcase classname="core.tests.test_context_modifier_registry" name="test_register_multiple_times" time="0.001" /><testcase classname="core.tests.test_context_modifier_registry" name="test_register_for_multiple_page_types_at_once" time="0.001" /><testcase classname="core.tests.test_context_modifier_registry" name="test_unregister" time="0.001" /><testcase classname="core.tests.test_context_processors" name="test_footer_contact_link_processor_flag_on_settings" time="0.002" /><testcase classname="core.tests.test_context_processors" name="test_footer_contact_link_processor_flag" time="0.001" /><testcase classname="core.tests.test_context_processors" name="test_directory_components_html_lang_attribute" time="0.008" /><testcase classname="core.tests.test_context_processors" name="test_services_home_links" time="0.003" /><testcase classname="core.tests.test_context_processors" name="test_header_navigation_uses_atlas_config" time="0.001" /><testcase classname="core.tests.test_forms" name="test_capital_invest_contact_form_required" time="0.002" /><testcase classname="core.tests.test_forms" name="test_capital_invest_contact_form_accept_valid_data" time="0.002" /><testcase classname="core.tests.test_forms" name="test_capital_invest_contact_form_capcha_valid" time="0.002" /><testcase classname="core.tests.test_forms" name="test_capital_invest_contact_form_invalid_data" time="0.003" /><testcase classname="core.tests.test_forms" name="test_business_environment_form_required" time="0.003" /><testcase classname="core.tests.test_forms" name="test_business_environment_serialized_data" time="0.003" /><testcase classname="core.tests.test_forms" name="test_business_environment_form_accepts_valid_data" time="0.003" /><testcase classname="core.tests.test_forms" name="test_business_environment_form_submission" time="0.005" /><testcase classname="core.tests.test_forms" name="test_why_buy_from_the_uk_form_required" time="0.002" /><testcase classname="core.tests.test_forms" name="test_why_buy_from_the_uk_form_serialized_data" time="0.003" /><testcase classname="core.tests.test_forms" name="test_why_buy_from_the_uk_form_accepts_valid_data" time="0.003" /><testcase classname="core.tests.test_forms" name="test_routing_forms_capital_invest_feature_flag[True]" time="0.002" /><testcase classname="core.tests.test_forms" name="test_routing_forms_capital_invest_feature_flag[False]" time="0.001" /><testcase classname="core.tests.test_forms" name="test_routing_forms_feature_flag_for_int_routing_form[True-True]" time="0.002" /><testcase classname="core.tests.test_forms" name="test_routing_forms_feature_flag_for_int_routing_form[False-False]" time="0.002" /><testcase classname="core.tests.test_forms" name="test_routing_forms_feature_flag_for_int_routing_form[True-False]" time="0.002" /><testcase classname="core.tests.test_forms" name="test_routing_forms_feature_flag_for_int_routing_form[False-True]" time="0.002" /><testcase classname="core.tests.test_helpers" name="test_get_language_from_querystring[/-None]" time="0.000"><skipped type="pytest.skip" message="Skipping this test as disabled translation">/Users/davidurquhart/great/great-international-ui/core/tests/test_helpers.py:13: Skipping this test as disabled translation</skipped></testcase><testcase classname="core.tests.test_helpers" name="test_get_language_from_querystring[?language=pt-pt]" time="0.000"><skipped type="pytest.skip" message="Skipping this test as disabled translation">/Users/davidurquhart/great/great-international-ui/core/tests/test_helpers.py:13: Skipping this test as disabled translation</skipped></testcase><testcase classname="core.tests.test_helpers" name="test_get_language_from_querystring[/industries?language=es-es]" time="0.000"><skipped type="pytest.skip" message="Skipping this test as disabled translation">/Users/davidurquhart/great/great-international-ui/core/tests/test_helpers.py:13: Skipping this test as disabled translation</skipped></testcase><testcase classname="core.tests.test_helpers" name="test_get_language_from_querystring[/industries/?language=zh-hans-zh-hans]" time="0.000"><skipped type="pytest.skip" message="Skipping this test as disabled translation">/Users/davidurquhart/great/great-international-ui/core/tests/test_helpers.py:13: Skipping this test as disabled translation</skipped></testcase><testcase classname="core.tests.test_helpers" name="test_get_language_from_querystring[/industries/aerospace?language=de-de]" time="0.000"><skipped type="pytest.skip" message="Skipping this test as disabled translation">/Users/davidurquhart/great/great-international-ui/core/tests/test_helpers.py:13: Skipping this test as disabled translation</skipped></testcase><testcase classname="core.tests.test_helpers" name="test_get_language_from_querystring[/industries/automotive/?language=fr-fr]" time="0.000"><skipped type="pytest.skip" message="Skipping this test as disabled translation">/Users/davidurquhart/great/great-international-ui/core/tests/test_helpers.py:13: Skipping this test as disabled translation</skipped></testcase><testcase classname="core.tests.test_helpers" name="test_get_language_from_querystring[?lang=fr-fr]" time="0.000"><skipped type="pytest.skip" message="Skipping this test as disabled translation">/Users/davidurquhart/great/great-international-ui/core/tests/test_helpers.py:13: Skipping this test as disabled translation</skipped></testcase><testcase classname="core.tests.test_helpers" name="test_get_language_from_querystring[?language=de&amp;lang=de-de]" time="0.000"><skipped type="pytest.skip" message="Skipping this test as disabled translation">/Users/davidurquhart/great/great-international-ui/core/tests/test_helpers.py:13: Skipping this test as disabled translation</skipped></testcase><testcase classname="core.tests.test_helpers" name="test_get_language_from_querystring[?lang=pt&amp;language=es-es]" time="0.000"><skipped type="pytest.skip" message="Skipping this test as disabled translation">/Users/davidurquhart/great/great-international-ui/core/tests/test_helpers.py:13: Skipping this test as disabled translation</skipped></testcase><testcase classname="core.tests.test_helpers" name="test_unslugify[test-slug-one-Test slug one]" time="0.002" /><testcase classname="core.tests.test_helpers" name="test_unslugify[test-two-Test two]" time="0.002" /><testcase classname="core.tests.test_helpers" name="test_unslugify[slug-Slug]" time="0.002" /><testcase classname="core.tests.test_helpers" name="test_get_paginator_url" time="0.002" /><testcase classname="core.tests.test_helpers" name="test_get_paginator_url_with_filters" time="0.002" /><testcase classname="core.tests.test_helpers" name="test_get_paginator_url_with_spaces_filters" time="0.001" /><testcase classname="core.tests.test_helpers" name="test_sort_opportunities_scale" time="0.001" /><testcase classname="core.tests.test_helpers" name="test_sort_opportunities_name" time="0.001" /><testcase classname="core.tests.test_helpers" name="test_filter_opportunities_scale" time="0.001" /><testcase classname="core.tests.test_helpers" name="test_filter_opportunities_sub_sector" time="0.001" /><testcase classname="core.tests.test_helpers" name="test_filter_opportunities_scale_value_unknown" time="0.001" /><testcase classname="core.tests.test_helpers" name="test_filter_opportunities_scale_greater_than_1000" time="0.001" /><testcase classname="core.tests.test_helpers" name="test_filter_opportunities_region__single" time="0.001" /><testcase classname="core.tests.test_helpers" name="test_filter_opportunities_region__multiple" time="0.001" /><testcase classname="core.tests.test_helpers" name="test_filter_opportunities_sector" time="0.002" /><testcase classname="core.tests.test_helpers" name="test_filter_opportunities_multiple_filters" time="0.001" /><testcase classname="core.tests.test_helpers" name="test_company_parser_serialize_for_template" time="0.003" /><testcase classname="core.tests.test_helpers" name="test_company_parser_serialize_for_template_empty" time="0.001" /><testcase classname="core.tests.test_helpers" name="test_get_results_from_search_response_xss" time="0.001" /><testcase classname="core.tests.test_helpers" name="test_get_filters_labels" time="0.001" /><testcase classname="core.tests.test_helpers" name="test_pair_sector_values_with_label" time="0.001" /><testcase classname="core.tests.test_helpers" name="test_pair_sector_values_with_label_contains_invalid" time="0.001" /><testcase classname="core.tests.test_helpers" name="test_pair_sector_values_with_label_empty" time="0.001" /><testcase classname="core.tests.test_helpers" name="test_format_case_study" time="0.002" /><testcase classname="core.tests.test_helpers" name="test_get_case_study_details_from_response" time="0.001" /><testcase classname="core.tests.test_helpers" name="test_get_map_labels_with_vertical_positions_one_word" time="0.001" /><testcase classname="core.tests.test_helpers" name="test_get_map_labels_with_vertical_positions_two_words" time="0.001" /><testcase classname="core.tests.test_helpers" name="test_get_map_labels_with_vertical_positions_three_words" time="0.001" /><testcase classname="core.tests.test_helpers" name="test_get_map_labels_with_vertical_positions_four_words" time="0.001" /><testcase classname="core.tests.test_helpers" name="test_get_header_config[--]" time="0.002" /><testcase classname="core.tests.test_helpers" name="test_get_header_config[investment/why-invest-in-the-uk-invest-in-the-uk-why-invest-in-the-uk0]" time="0.001" /><testcase classname="core.tests.test_helpers" name="test_get_header_config[investment/regions-invest-in-the-uk-regions]" time="0.002" /><testcase classname="core.tests.test_helpers" name="test_get_header_config[investment/sectors-invest-in-the-uk-sectors]" time="0.001" /><testcase classname="core.tests.test_helpers" name="test_get_header_config[investment/why-invest-in-the-uk-invest-in-the-uk-why-invest-in-the-uk1]" time="0.002" /><testcase classname="core.tests.test_helpers" name="test_get_header_config[investment/opportunities-invest-in-the-uk-investment-opportunities]" time="0.002" /><testcase classname="core.tests.test_helpers" name="test_get_header_config[trade-trade-find-a-supplier]" time="0.002" /><testcase classname="core.tests.test_helpers" name="test_get_header_config[trade/search-trade-find-a-supplier]" time="0.002" /><testcase classname="core.tests.test_helpers" name="test_get_header_config[trade/contact-trade-contact-us-trade]" time="0.002" /><testcase classname="core.tests.test_helpers" name="test_get_header_config[trade/how-we-help-you-buy-trade-how-we-help-buy]" time="0.032" /><testcase classname="core.tests.test_helpers" name="test_get_header_config[contact/triage-contact-]" time="0.002" /><testcase classname="core.tests.test_helpers" name="test_get_header_config[invest/contact-contact-]" time="0.002" /><testcase classname="core.tests.test_middleware" name="test_google_campaign_middleware" time="0.008" /><testcase classname="core.tests.test_middleware" name="test_microsoft_defender_safe_links_middleware_trims_pii" time="0.015" /><testcase classname="core.tests.test_mixins" name="test_set_etag_mixin[get-&quot;c6d6f2e3e546f8bc48487537e339e7a5&quot;]" time="0.003" /><testcase classname="core.tests.test_mixins" name="test_set_etag_mixin[post-None]" time="0.002" /><testcase classname="core.tests.test_mixins" name="test_set_etag_mixin[patch-None]" time="0.002" /><testcase classname="core.tests.test_mixins" name="test_set_etag_mixin[put-None]" time="0.002" /><testcase classname="core.tests.test_mixins" name="test_set_etag_mixin[delete-None]" time="0.002" /><testcase classname="core.tests.test_mixins" name="test_set_etag_mixin[head-None]" time="0.002" /><testcase classname="core.tests.test_mixins" name="test_set_etag_mixin[options-None]" time="0.003" /><testcase classname="core.tests.test_mixins" name="test_cached_views_not_dynamic[view_class0]" time="0.000"><skipped type="pytest.skip" message="got empty parameter set ['view_class'], function test_cached_views_not_dynamic at /Users/davidurquhart/great/great-international-ui/core/tests/test_mixins.py:54">/Users/davidurquhart/great/great-international-ui/core/tests/test_mixins.py:55: got empty parameter set ['view_class'], function test_cached_views_not_dynamic at /Users/davidurquhart/great/great-international-ui/core/tests/test_mixins.py:54</skipped></testcase><testcase classname="core.tests.test_mixins" name="test_country_region[AF]" time="0.003" /><testcase classname="core.tests.test_mixins" name="test_country_region[AL]" time="0.002" /><testcase classname="core.tests.test_mixins" name="test_country_region[DZ]" time="0.002" /><testcase classname="core.tests.test_mixins" name="test_country_region[AD]" time="0.002" /><testcase classname="core.tests.test_mixins" name="test_country_region[AO]" time="0.002" /><testcase classname="core.tests.test_mixins" name="test_country_region[AG]" time="0.002" /><testcase classname="core.tests.test_mixins" name="test_country_region[AR]" time="0.003" /><testcase classname="core.tests.test_mixins" name="test_country_region[AM]" time="0.003" /><testcase classname="core.tests.test_mixins" name="test_country_region[AU]" time="0.003" /><testcase classname="core.tests.test_mixins" name="test_country_region[AT]" time="0.003" /><testcase classname="core.tests.test_mixins" name="test_country_region[AZ]" time="0.003" /><testcase classname="core.tests.test_mixins" name="test_country_region[BH]" time="0.003" /><testcase classname="core.tests.test_mixins" name="test_country_region[BD]" time="0.003" /><testcase classname="core.tests.test_mixins" name="test_country_region[BB]" time="0.002" /><testcase classname="core.tests.test_mixins" name="test_country_region[BY]" time="0.003" /><testcase classname="core.tests.test_mixins" name="test_country_region[BE]" time="0.002" /><testcase classname="core.tests.test_mixins" name="test_country_region[BZ]" time="0.002" /><testcase classname="core.tests.test_mixins" name="test_country_region[BJ]" time="0.002" /><testcase classname="core.tests.test_mixins" name="test_country_region[BT]" time="0.002" /><testcase classname="core.tests.test_mixins" name="test_country_region[BO]" time="0.002" /><testcase classname="core.tests.test_mixins" name="test_country_region[BA]" time="0.002" /><testcase classname="core.tests.test_mixins" name="test_country_region[BW]" time="0.002" /><testcase classname="core.tests.test_mixins" name="test_country_region[BR]" time="0.003" /><testcase classname="core.tests.test_mixins" name="test_country_region[BN]" time="0.003" /><testcase classname="core.tests.test_mixins" name="test_country_region[BG]" time="0.003" /><testcase classname="core.tests.test_mixins" name="test_country_region[BF]" time="0.002" /><testcase classname="core.tests.test_mixins" name="test_country_region[BI]" time="0.003" /><testcase classname="core.tests.test_mixins" name="test_country_region[KH]" time="0.002" /><testcase classname="core.tests.test_mixins" name="test_country_region[CM]" time="0.003" /><testcase classname="core.tests.test_mixins" name="test_country_region[CA]" time="0.003" /><testcase classname="core.tests.test_mixins" name="test_country_region[CV]" time="0.003" /><testcase classname="core.tests.test_mixins" name="test_country_region[CF]" time="0.002" /><testcase classname="core.tests.test_mixins" name="test_country_region[TD]" time="0.002" /><testcase classname="core.tests.test_mixins" name="test_country_region[CL]" time="0.002" /><testcase classname="core.tests.test_mixins" name="test_country_region[CN]" time="0.002" /><testcase classname="core.tests.test_mixins" name="test_country_region[CO]" time="0.003" /><testcase classname="core.tests.test_mixins" name="test_country_region[KM]" time="0.003" /><testcase classname="core.tests.test_mixins" name="test_country_region[CG]" time="0.003" /><testcase classname="core.tests.test_mixins" name="test_country_region[CD]" time="0.003" /><testcase classname="core.tests.test_mixins" name="test_country_region[CR]" time="0.002" /><testcase classname="core.tests.test_mixins" name="test_country_region[HR]" time="0.003" /><testcase classname="core.tests.test_mixins" name="test_country_region[CU]" time="0.003" /><testcase classname="core.tests.test_mixins" name="test_country_region[CY]" time="0.002" /><testcase classname="core.tests.test_mixins" name="test_country_region[CZ]" time="0.002" /><testcase classname="core.tests.test_mixins" name="test_country_region[DK]" time="0.002" /><testcase classname="core.tests.test_mixins" name="test_country_region[DJ]" time="0.002" /><testcase classname="core.tests.test_mixins" name="test_country_region[DM]" time="0.002" /><testcase classname="core.tests.test_mixins" name="test_country_region[DO]" time="0.003" /><testcase classname="core.tests.test_mixins" name="test_country_region[TL]" time="0.002" /><testcase classname="core.tests.test_mixins" name="test_country_region[EC]" time="0.003" /><testcase classname="core.tests.test_mixins" name="test_country_region[EG]" time="0.003" /><testcase classname="core.tests.test_mixins" name="test_country_region[SV]" time="0.002" /><testcase classname="core.tests.test_mixins" name="test_country_region[GQ]" time="0.002" /><testcase classname="core.tests.test_mixins" name="test_country_region[ER]" time="0.002" /><testcase classname="core.tests.test_mixins" name="test_country_region[EE]" time="0.002" /><testcase classname="core.tests.test_mixins" name="test_country_region[SZ]" time="0.002" /><testcase classname="core.tests.test_mixins" name="test_country_region[ET]" time="0.002" /><testcase classname="core.tests.test_mixins" name="test_country_region[FJ]" time="0.002" /><testcase classname="core.tests.test_mixins" name="test_country_region[FI]" time="0.002" /><testcase classname="core.tests.test_mixins" name="test_country_region[FR]" time="0.003" /><testcase classname="core.tests.test_mixins" name="test_country_region[GA]" time="0.002" /><testcase classname="core.tests.test_mixins" name="test_country_region[GE]" time="0.002" /><testcase classname="core.tests.test_mixins" name="test_country_region[DE]" time="0.003" /><testcase classname="core.tests.test_mixins" name="test_country_region[GH]" time="0.003" /><testcase classname="core.tests.test_mixins" name="test_country_region[GR]" time="0.002" /><testcase classname="core.tests.test_mixins" name="test_country_region[GD]" time="0.002" /><testcase classname="core.tests.test_mixins" name="test_country_region[GT]" time="0.002" /><testcase classname="core.tests.test_mixins" name="test_country_region[GN]" time="0.002" /><testcase classname="core.tests.test_mixins" name="test_country_region[GW]" time="0.002" /><testcase classname="core.tests.test_mixins" name="test_country_region[GY]" time="0.002" /><testcase classname="core.tests.test_mixins" name="test_country_region[HT]" time="0.002" /><testcase classname="core.tests.test_mixins" name="test_country_region[HN]" time="0.003" /><testcase classname="core.tests.test_mixins" name="test_country_region[HU]" time="0.002" /><testcase classname="core.tests.test_mixins" name="test_country_region[IS]" time="0.002" /><testcase classname="core.tests.test_mixins" name="test_country_region[IN]" time="0.002" /><testcase classname="core.tests.test_mixins" name="test_country_region[ID]" time="0.003" /><testcase classname="core.tests.test_mixins" name="test_country_region[IR]" time="0.003" /><testcase classname="core.tests.test_mixins" name="test_country_region[IQ]" time="0.003" /><testcase classname="core.tests.test_mixins" name="test_country_region[IE]" time="0.002" /><testcase classname="core.tests.test_mixins" name="test_country_region[IL]" time="0.003" /><testcase classname="core.tests.test_mixins" name="test_country_region[IT]" time="0.003" /><testcase classname="core.tests.test_mixins" name="test_country_region[CI]" time="0.002" /><testcase classname="core.tests.test_mixins" name="test_country_region[JM]" time="0.002" /><testcase classname="core.tests.test_mixins" name="test_country_region[JP]" time="0.003" /><testcase classname="core.tests.test_mixins" name="test_country_region[JO]" time="0.002" /><testcase classname="core.tests.test_mixins" name="test_country_region[KZ]" time="0.002" /><testcase classname="core.tests.test_mixins" name="test_country_region[KE]" time="0.002" /><testcase classname="core.tests.test_mixins" name="test_country_region[KI]" time="0.002" /><testcase classname="core.tests.test_mixins" name="test_country_region[XK]" time="0.003" /><testcase classname="core.tests.test_mixins" name="test_country_region[KW]" time="0.003" /><testcase classname="core.tests.test_mixins" name="test_country_region[KG]" time="0.002" /><testcase classname="core.tests.test_mixins" name="test_country_region[LA]" time="0.002" /><testcase classname="core.tests.test_mixins" name="test_country_region[LV]" time="0.003" /><testcase classname="core.tests.test_mixins" name="test_country_region[LB]" time="0.003" /><testcase classname="core.tests.test_mixins" name="test_country_region[LS]" time="0.002" /><testcase classname="core.tests.test_mixins" name="test_country_region[LR]" time="0.003" /><testcase classname="core.tests.test_mixins" name="test_country_region[LY]" time="0.002" /><testcase classname="core.tests.test_mixins" name="test_country_region[LI]" time="0.002" /><testcase classname="core.tests.test_mixins" name="test_country_region[LT]" time="0.002" /><testcase classname="core.tests.test_mixins" name="test_country_region[LU]" time="0.002" /><testcase classname="core.tests.test_mixins" name="test_country_region[MG]" time="0.002" /><testcase classname="core.tests.test_mixins" name="test_country_region[MW]" time="0.003" /><testcase classname="core.tests.test_mixins" name="test_country_region[MY]" time="0.003" /><testcase classname="core.tests.test_mixins" name="test_country_region[MV]" time="0.002" /><testcase classname="core.tests.test_mixins" name="test_country_region[ML]" time="0.002" /><testcase classname="core.tests.test_mixins" name="test_country_region[MT]" time="0.003" /><testcase classname="core.tests.test_mixins" name="test_country_region[MH]" time="0.003" /><testcase classname="core.tests.test_mixins" name="test_country_region[MR]" time="0.003" /><testcase classname="core.tests.test_mixins" name="test_country_region[MU]" time="0.002" /><testcase classname="core.tests.test_mixins" name="test_country_region[MX]" time="0.002" /><testcase classname="core.tests.test_mixins" name="test_country_region[FM]" time="0.002" /><testcase classname="core.tests.test_mixins" name="test_country_region[MD]" time="0.002" /><testcase classname="core.tests.test_mixins" name="test_country_region[MC]" time="0.002" /><testcase classname="core.tests.test_mixins" name="test_country_region[MN]" time="0.002" /><testcase classname="core.tests.test_mixins" name="test_country_region[ME]" time="0.003" /><testcase classname="core.tests.test_mixins" name="test_country_region[MA]" time="0.003" /><testcase classname="core.tests.test_mixins" name="test_country_region[MZ]" time="0.002" /><testcase classname="core.tests.test_mixins" name="test_country_region[MM]" time="0.002" /><testcase classname="core.tests.test_mixins" name="test_country_region[NA]" time="0.003" /><testcase classname="core.tests.test_mixins" name="test_country_region[NR]" time="0.003" /><testcase classname="core.tests.test_mixins" name="test_country_region[NP]" time="0.002" /><testcase classname="core.tests.test_mixins" name="test_country_region[NL]" time="0.002" /><testcase classname="core.tests.test_mixins" name="test_country_region[NZ]" time="0.002" /><testcase classname="core.tests.test_mixins" name="test_country_region[NI]" time="0.002" /><testcase classname="core.tests.test_mixins" name="test_country_region[NE]" time="0.002" /><testcase classname="core.tests.test_mixins" name="test_country_region[NG]" time="0.002" /><testcase classname="core.tests.test_mixins" name="test_country_region[KP]" time="0.002" /><testcase classname="core.tests.test_mixins" name="test_country_region[MK]" time="0.003" /><testcase classname="core.tests.test_mixins" name="test_country_region[NO]" time="0.003" /><testcase classname="core.tests.test_mixins" name="test_country_region[OM]" time="0.002" /><testcase classname="core.tests.test_mixins" name="test_country_region[PK]" time="0.002" /><testcase classname="core.tests.test_mixins" name="test_country_region[PW]" time="0.003" /><testcase classname="core.tests.test_mixins" name="test_country_region[PA]" time="0.003" /><testcase classname="core.tests.test_mixins" name="test_country_region[PG]" time="0.002" /><testcase classname="core.tests.test_mixins" name="test_country_region[PY]" time="0.002" /><testcase classname="core.tests.test_mixins" name="test_country_region[PE]" time="0.002" /><testcase classname="core.tests.test_mixins" name="test_country_region[PH]" time="0.002" /><testcase classname="core.tests.test_mixins" name="test_country_region[PL]" time="0.002" /><testcase classname="core.tests.test_mixins" name="test_country_region[PT]" time="0.002" /><testcase classname="core.tests.test_mixins" name="test_country_region[QA]" time="0.003" /><testcase classname="core.tests.test_mixins" name="test_country_region[RO]" time="0.003" /><testcase classname="core.tests.test_mixins" name="test_country_region[RU]" time="0.003" /><testcase classname="core.tests.test_mixins" name="test_country_region[RW]" time="0.002" /><testcase classname="core.tests.test_mixins" name="test_country_region[WS]" time="0.003" /><testcase classname="core.tests.test_mixins" name="test_country_region[SM]" time="0.002" /><testcase classname="core.tests.test_mixins" name="test_country_region[ST]" time="0.002" /><testcase classname="core.tests.test_mixins" name="test_country_region[SA]" time="0.002" /><testcase classname="core.tests.test_mixins" name="test_country_region[SN]" time="0.002" /><testcase classname="core.tests.test_mixins" name="test_country_region[RS]" time="0.002" /><testcase classname="core.tests.test_mixins" name="test_country_region[SC]" time="0.002" /><testcase classname="core.tests.test_mixins" name="test_country_region[SL]" time="0.002" /><testcase classname="core.tests.test_mixins" name="test_country_region[SG]" time="0.002" /><testcase classname="core.tests.test_mixins" name="test_country_region[SK]" time="0.002" /><testcase classname="core.tests.test_mixins" name="test_country_region[SI]" time="0.003" /><testcase classname="core.tests.test_mixins" name="test_country_region[SB]" time="0.003" /><testcase classname="core.tests.test_mixins" name="test_country_region[SO]" time="0.003" /><testcase classname="core.tests.test_mixins" name="test_country_region[ZA]" time="0.002" /><testcase classname="core.tests.test_mixins" name="test_country_region[KR]" time="0.002" /><testcase classname="core.tests.test_mixins" name="test_country_region[SS]" time="0.002" /><testcase classname="core.tests.test_mixins" name="test_country_region[ES]" time="0.002" /><testcase classname="core.tests.test_mixins" name="test_country_region[LK]" time="0.002" /><testcase classname="core.tests.test_mixins" name="test_country_region[KN]" time="0.002" /><testcase classname="core.tests.test_mixins" name="test_country_region[LC]" time="0.002" /><testcase classname="core.tests.test_mixins" name="test_country_region[VC]" time="0.002" /><testcase classname="core.tests.test_mixins" name="test_country_region[SD]" time="0.002" /><testcase classname="core.tests.test_mixins" name="test_country_region[SR]" time="0.002" /><testcase classname="core.tests.test_mixins" name="test_country_region[SE]" time="0.003" /><testcase classname="core.tests.test_mixins" name="test_country_region[CH]" time="0.003" /><testcase classname="core.tests.test_mixins" name="test_country_region[SY]" time="0.002" /><testcase classname="core.tests.test_mixins" name="test_country_region[TJ]" time="0.003" /><testcase classname="core.tests.test_mixins" name="test_country_region[TZ]" time="0.003" /><testcase classname="core.tests.test_mixins" name="test_country_region[TH]" time="0.003" /><testcase classname="core.tests.test_mixins" name="test_country_region[BS]" time="0.002" /><testcase classname="core.tests.test_mixins" name="test_country_region[GM]" time="0.002" /><testcase classname="core.tests.test_mixins" name="test_country_region[TG]" time="0.002" /><testcase classname="core.tests.test_mixins" name="test_country_region[TO]" time="0.002" /><testcase classname="core.tests.test_mixins" name="test_country_region[TT]" time="0.002" /><testcase classname="core.tests.test_mixins" name="test_country_region[TN]" time="0.002" /><testcase classname="core.tests.test_mixins" name="test_country_region[TR]" time="0.003" /><testcase classname="core.tests.test_mixins" name="test_country_region[TM]" time="0.003" /><testcase classname="core.tests.test_mixins" name="test_country_region[TV]" time="0.003" /><testcase classname="core.tests.test_mixins" name="test_country_region[UG]" time="0.002" /><testcase classname="core.tests.test_mixins" name="test_country_region[UA]" time="0.002" /><testcase classname="core.tests.test_mixins" name="test_country_region[AE]" time="0.002" /><testcase classname="core.tests.test_mixins" name="test_country_region[GB]" time="0.002" /><testcase classname="core.tests.test_mixins" name="test_country_region[US]" time="0.002" /><testcase classname="core.tests.test_mixins" name="test_country_region[UY]" time="0.003" /><testcase classname="core.tests.test_mixins" name="test_country_region[UZ]" time="0.002" /><testcase classname="core.tests.test_mixins" name="test_country_region[VU]" time="0.002" /><testcase classname="core.tests.test_mixins" name="test_country_region[VA]" time="0.002" /><testcase classname="core.tests.test_mixins" name="test_country_region[VE]" time="0.003" /><testcase classname="core.tests.test_mixins" name="test_country_region[VN]" time="0.002" /><testcase classname="core.tests.test_mixins" name="test_country_region[YE]" time="0.003" /><testcase classname="core.tests.test_mixins" name="test_country_region[ZM]" time="0.003" /><testcase classname="core.tests.test_mixins" name="test_country_region[ZW]" time="0.002" /><testcase classname="core.tests.test_mixins" name="test_international_header_mixin" time="0.001" /><testcase classname="core.tests.test_templates" name="test_article_detail_page_no_related_content" time="0.028" /><testcase classname="core.tests.test_templates" name="test_article_detail_page_related_content" time="0.012" /><testcase classname="core.tests.test_templates" name="test_article_detail_page_media_rendered" time="0.010" /><testcase classname="core.tests.test_templatetags" name="test_search_url" time="0.002" /><testcase classname="core.tests.test_templatetags" name="test_convert_links_to_with_arrow" time="0.002" /><testcase classname="core.tests.test_templatetags" name="test_add_anchors" time="0.003" /><testcase classname="core.tests.test_templatetags" name="test_table_of_contents" time="0.002" /><testcase classname="core.tests.test_templatetags" name="test_first_paragraph" time="0.002" /><testcase classname="core.tests.test_templatetags" name="test_first_image" time="0.002" /><testcase classname="core.tests.test_templatetags" name="test_first_image_empty" time="0.002" /><testcase classname="core.tests.test_templatetags" name="test_grouper" time="0.002" /><testcase classname="core.tests.test_templatetags" name="test_grouper_remainder" time="0.002" /><testcase classname="core.tests.test_templatetags" name="test_add_href_target" time="0.002" /><testcase classname="core.tests.test_templatetags" name="test_filter_by_active_language" time="0.002" /><testcase classname="core.tests.test_templatetags" name="test_filter_by_active_language_empty" time="0.002" /><testcase classname="core.tests.test_templatetags" name="test_title_from_heading[title: heading-title]" time="0.002" /><testcase classname="core.tests.test_templatetags" name="test_title_from_heading[\u30a2\u30b0\u30ea\u30c6\u30c3\u30af\uff1a\u8cb4\u793e\u306e\u30d3\u30b8\u30cd\u30b9\u3092\u82f1\u56fd\u3067\u767a\u5c55\u3055\u305b\u3088\u3046-\u30a2\u30b0\u30ea\u30c6\u30c3\u30af]" time="0.001" /><testcase classname="core.tests.test_templatetags" name="test_title_from_heading[title-title]" time="0.002" /><testcase classname="core.tests.test_templatetags" name="test_get_image_url_handles_missing_images" time="0.001" /><testcase classname="core.tests.test_templatetags" name="test_get_image_url_handles_image_being_none" time="0.001" /><testcase classname="core.tests.test_views" name="test_sector_page_context_modifier_creates_filtered_cards_list" time="0.002" /><testcase classname="core.tests.test_views" name="test_cms_page_from_path_view" time="0.006" /><testcase classname="core.tests.test_views" name="test_about_uk_region_page_returns_404_when_feature_flag_off" time="0.006" /><testcase classname="core.tests.test_views" name="test_about_uk_region_page_returns_200_when_feature_flag_on" time="0.003" /><testcase classname="core.tests.test_views" name="test_capital_invest_contact_form_page_returns_200_when_feature_flag_on" time="0.003" /><testcase classname="core.tests.test_views" name="test_capital_invest_contact_form_page_returns_404_when_feature_flag_off" time="0.006" /><testcase classname="core.tests.test_views" name="test_capital_invest_contact_form_success_page_returns_200_when_feature_flag_on" time="0.003" /><testcase classname="core.tests.test_views" name="test_capital_invest_contact_form_success_page_returns_404_when_feature_flag_off" time="0.005" /><testcase classname="core.tests.test_views" name="test_international_contact_form" time="0.012" /><testcase classname="core.tests.test_views" name="test_capital_invest_contact_form_success" time="0.005" /><testcase classname="core.tests.test_views" name="test_getting_keyed_region_data_on_region_listing_page[AboutUkRegionPage-/international/content/about-uk/regions/scotland]" time="0.003" /><testcase classname="core.tests.test_views" name="test_getting_keyed_region_data_on_region_listing_page[AboutUkRegionListingPage-/international/content/about-uk/regions/]" time="0.003" /><testcase classname="core.tests.test_views" name="test_region_page_context_decorator_adds_cards_list[AboutUkRegionPage-/international/content/about-uk/regions/scotland]" time="0.003" /><testcase classname="core.tests.test_views" name="test_region_page_context_decorator_adds_cards_list[AboutUkRegionListingPage-/international/content/about-uk/regions/]" time="0.002" /><testcase classname="core.tests.test_views" name="test_atlas_opportunity_page_sectors_label" time="0.002" /><testcase classname="core.tests.test_views" name="test_capital_invest_contact_serialized_data" time="0.003" /><testcase classname="core.tests.test_views" name="test_industries_about_uk_path_exists" time="0.010" /><testcase classname="core.tests.test_views" name="test_business_environment_form_view" time="0.038" /><testcase classname="core.tests.test_views" name="test_business_environment_form_success_view" time="0.007" /><testcase classname="core.tests.test_views" name="test_about_uk_breadcrumbs_article_page_feature_on" time="0.031" /><testcase classname="core.tests.test_views" name="test_about_uk_breadcrumbs_article_page_feature_off" time="0.003" /><testcase classname="core.tests.test_views" name="test_international_contact_triage_redirects[http://international.trade.great:8012/international/invest/contact/]" time="0.003" /><testcase classname="core.tests.test_views" name="test_international_contact_triage_redirects[http://international.trade.great:8012/international/content/capital-invest/contact/]" time="0.003" /><testcase classname="core.tests.test_views" name="test_international_contact_triage_redirects[http://exred.trade.great:8007/contact/triage/international/exporting-to-the-uk/]" time="0.003" /><testcase classname="core.tests.test_views" name="test_international_contact_triage_redirects[http://international.trade.great:8012/international/trade/contact/]" time="0.003" /><testcase classname="core.tests.test_views" name="test_international_contact_triage_view" time="0.002" /><testcase classname="core.tests.test_views" name="test_why_buy_from_uk_form_data_view" time="0.038" /><testcase classname="core.tests.test_views" name="test_why_buy_from_uk_submission" time="0.006" /><testcase classname="core.tests.test_views" name="test_why_buy_from_uk_form_success_view" time="0.035" /><testcase classname="core.tests.test_views" name="test_why_buy_from_uk_context" time="0.003" /><testcase classname="core.tests.test_views" name="test_why_buy_from_uk_success_context" time="0.002" /><testcase classname="find_a_supplier.tests.test_forms" name="test_serialize_anonymous_subscriber_forms" time="0.002" /><testcase classname="find_a_supplier.tests.test_forms" name="test_subscribe_form_required" time="0.002" /><testcase classname="find_a_supplier.tests.test_forms" name="test_subscribe_form_view_valid_data" time="0.005" /><testcase classname="find_a_supplier.tests.test_forms" name="test_contact_company_form_required_fields" time="0.002" /><testcase classname="find_a_supplier.tests.test_forms" name="test_contact_company__form_length_of_fields" time="0.002" /><testcase classname="find_a_supplier.tests.test_forms" name="test_contact_company_form_capcha_valid" time="0.002" /><testcase classname="find_a_supplier.tests.test_forms" name="test_contact_supplier_body_text" time="0.002" /><testcase classname="find_a_supplier.tests.test_forms" name="test_contact_company_validators" time="0.002" /><testcase classname="find_a_supplier.tests.test_forms" name="test_search_form" time="0.002" /><testcase classname="find_a_supplier.tests.test_forms" name="test_search_required_fields" time="0.002" /><testcase classname="find_a_supplier.tests.test_forms" name="test_search_required_empty_sector_term" time="0.002" /><testcase classname="find_a_supplier.tests.test_forms" name="test_contact_required_fields" time="0.003" /><testcase classname="find_a_supplier.tests.test_forms" name="test_contact_invalid_country" time="0.003" /><testcase classname="find_a_supplier.tests.test_forms" name="test_contact_body_text" time="0.003" /><testcase classname="find_a_supplier.tests.test_helpers" name="test_get_paginator_url" time="0.002" /><testcase classname="find_a_supplier.tests.test_helpers" name="test_get_paginator_url_multiple_filters" time="0.002" /><testcase classname="find_a_supplier.tests.test_redirects" name="test_supplier_redirects[-/international/trade/]" time="0.003" /><testcase classname="find_a_supplier.tests.test_redirects" name="test_supplier_redirects[industries/contact-/international/trade/contact/]" time="0.003" /><testcase classname="find_a_supplier.tests.test_redirects" name="test_supplier_redirects[search-/international/trade/search/]" time="0.002" /><testcase classname="find_a_supplier.tests.test_redirects" name="test_supplier_redirects[industries-/international/content/industries/]" time="0.003" /><testcase classname="find_a_supplier.tests.test_redirects" name="test_supplier_redirects[industries/creative-services-/international/content/industries/creative-industries/]" time="0.002" /><testcase classname="find_a_supplier.tests.test_redirects" name="test_supplier_redirects[industries/energy-/international/content/industries/nuclear-energy/]" time="0.002" /><testcase classname="find_a_supplier.tests.test_redirects" name="test_supplier_redirects[industries/healthcare-/international/content/industries/health-and-life-sciences/]" time="0.003" /><testcase classname="find_a_supplier.tests.test_redirects" name="test_supplier_redirects[industries/innovation-industry-/international/content/industries/technology/]" time="0.003" /><testcase classname="find_a_supplier.tests.test_redirects" name="test_supplier_redirects[industries/life-sciences-/international/content/industries/health-and-life-sciences/]" time="0.003" /><testcase classname="find_a_supplier.tests.test_redirects" name="test_supplier_redirects[industries/professional-and-financial-services-/international/content/industries/financial-services/]" time="0.003" /><testcase classname="find_a_supplier.tests.test_redirects" name="test_supplier_redirects[industries/sports-economy-/international/content/industries/sports-economy/]" time="0.003" /><testcase classname="find_a_supplier.tests.test_redirects" name="test_supplier_redirects[industries/technology-/international/content/industries/technology/]" time="0.003" /><testcase classname="find_a_supplier.tests.test_redirects" name="test_supplier_redirects[industries/aerospace-/international/content/industries/aerospace/]" time="0.003" /><testcase classname="find_a_supplier.tests.test_redirects" name="test_supplier_redirects[industries/agricultural-technology-/international/content/industries/agricultural-technology/]" time="0.003" /><testcase classname="find_a_supplier.tests.test_redirects" name="test_supplier_redirects[industries/automotive-/international/content/industries/automotive/]" time="0.003" /><testcase classname="find_a_supplier.tests.test_redirects" name="test_supplier_redirects[industries/business-and-government-partnerships-/international/content/industries/]" time="0.003" /><testcase classname="find_a_supplier.tests.test_redirects" name="test_supplier_redirects[industries/consumer-retail-/international/content/industries/retail/]" time="0.003" /><testcase classname="find_a_supplier.tests.test_redirects" name="test_supplier_redirects[industries/cyber-security-/international/content/industries/cyber-security/]" time="0.003" /><testcase classname="find_a_supplier.tests.test_redirects" name="test_supplier_redirects[industries/education-industry-/international/content/industries/education/]" time="0.003" /><testcase classname="find_a_supplier.tests.test_redirects" name="test_supplier_redirects[industries/engineering-industry-/international/content/industries/engineering-and-manufacturing/]" time="0.003" /><testcase classname="find_a_supplier.tests.test_redirects" name="test_supplier_redirects[industries/food-and-drink-/international/content/industries/food-and-drink/]" time="0.003" /><testcase classname="find_a_supplier.tests.test_redirects" name="test_supplier_redirects[industries/legal-services-/international/content/industries/legal-services/]" time="0.003" /><testcase classname="find_a_supplier.tests.test_redirects" name="test_supplier_redirects[industries/marine-/international/content/industries/maritime/]" time="0.003" /><testcase classname="find_a_supplier.tests.test_redirects" name="test_supplier_redirects[industries/space/-/international/content/industries/space/]" time="0.003" /><testcase classname="find_a_supplier.tests.test_redirects" name="test_supplier_redirects[industry-articles/UK-agritech-strengths-article/-/international/content/industries/agricultural-technology/]" time="0.003" /><testcase classname="find_a_supplier.tests.test_redirects" name="test_supplier_redirects[industry-articles/global-humanitarian-support-article/-/international/content/industries/]" time="0.003" /><testcase classname="find_a_supplier.tests.test_redirects" name="test_supplier_redirects[industry-articles/uk-centres-of-excellence/-/international/content/industries/retail/uk-centres-of-excellence/]" time="0.003" /><testcase classname="find_a_supplier.tests.test_redirects" name="test_supplier_redirects[industry-articles/the-changing-face-of-visual-effects/-/international/content/industries/creative-industries/the-changing-face-of-visual-effects/]" time="0.003" /><testcase classname="find_a_supplier.tests.test_redirects" name="test_supplier_redirects[industry-articles/how-education-is-going-digital/-/international/content/industries/education/how-education-is-going-digital/]" time="0.003" /><testcase classname="find_a_supplier.tests.test_redirects" name="test_supplier_redirects[industry-articles/world-class-research-centre-article/-/international/content/industries/nuclear-energy/world-class-research-centre/]" time="0.003" /><testcase classname="find_a_supplier.tests.test_redirects" name="test_supplier_redirects[industry-articles/home-of-oil-and-gas-innovation-article/-/international/content/industries/oil-and-gas/home-of-oil-and-gas-innovation/]" time="0.003" /><testcase classname="find_a_supplier.tests.test_redirects" name="test_supplier_redirects[industry-articles/leading-the-world-in-cancer-care/-/international/content/industries/health-and-life-sciences/leading-the-world-in-cancer-care/]" time="0.003" /><testcase classname="find_a_supplier.tests.test_redirects" name="test_supplier_redirects[industry-articles/highly-rated-primary-care/-/international/content/industries/health-and-life-sciences/highly-rated-primary-care/]" time="0.003" /><testcase classname="find_a_supplier.tests.test_redirects" name="test_supplier_redirects[industry-articles/helping-you-buy-from-the-uk-article-ukef/-/international/content/industries/infrastructure/helping-you-buy-from-the-uk-article-ukef/]" time="0.003" /><testcase classname="find_a_supplier.tests.test_redirects" name="test_supplier_redirects[industry-articles/global-rail-experience-article/-/international/content/industries/engineering-and-manufacturing/global-rail-experience/]" time="0.004" /><testcase classname="find_a_supplier.tests.test_redirects" name="test_supplier_redirects[industry-articles/established-mining-industry-article/-/international/content/industries/engineering-and-manufacturing/established-mining-industry/]" time="0.003" /><testcase classname="find_a_supplier.tests.test_redirects" name="test_supplier_redirects[industry-articles/trusted-construction-partners-article/-/international/content/industries/engineering-and-manufacturing/trusted-construction-partners/]" time="0.003" /><testcase classname="find_a_supplier.tests.test_redirects" name="test_supplier_redirects[industry-articles/how-tech-is-changing-the-way-we-bank-article/-/international/content/industries/financial-services/how-tech-is-changing-the-way-we-bank/]" time="0.003" /><testcase classname="find_a_supplier.tests.test_redirects" name="test_supplier_redirects[industry-articles/a-global-centre-for-life-sciences/-/international/content/industries/health-and-life-sciences/a-global-centre-for-life-sciences/]" time="0.003" /><testcase classname="find_a_supplier.tests.test_redirects" name="test_supplier_redirects[industry-articles/building-fintech-bridges-article/-/international/content/industries/financial-services/building-fintech-bridges/]" time="0.003" /><testcase classname="find_a_supplier.tests.test_redirects" name="test_supplier_redirects[industry-articles/a-focus-on-regulatory-technology-solutions-article/-/international/content/industries/financial-services/a-focus-on-regulatory-technology-solutions/]" time="0.003" /><testcase classname="find_a_supplier.tests.test_redirects" name="test_supplier_redirects[industries/infrastructure/-/international/content/industries/infrastructure/]" time="0.003" /><testcase classname="find_a_supplier.tests.test_redirects" name="test_supplier_redirects[unsubscribe-/international/trade/unsubscribe/]" time="0.003" /><testcase classname="find_a_supplier.tests.test_redirects" name="test_industries_incoming[/trade/industries/healthcare/-/international/content/industries/health-and-life-sciences/]" time="0.003" /><testcase classname="find_a_supplier.tests.test_redirects" name="test_industries_incoming[/trade/industries/life-sciences/-/international/content/industries/health-and-life-sciences/]" time="0.003" /><testcase classname="find_a_supplier.tests.test_redirects" name="test_industries_incoming[/trade/industries/engineering-industry/-/international/content/industries/engineering-and-manufacturing/]" time="0.003" /><testcase classname="find_a_supplier.tests.test_templates" name="test_fas_homepage_industry_list[en-gb-3]" time="0.000"><skipped type="pytest.skip" message="Skipped while the sector/industries panel is hidden in find_a_supplier/templates/find_a_supplier/landing_page.html">/Users/davidurquhart/great/great-international-ui/find_a_supplier/tests/test_templates.py:7: Skipped while the sector/industries panel is hidden in find_a_supplier/templates/find_a_supplier/landing_page.html</skipped></testcase><testcase classname="find_a_supplier.tests.test_templates" name="test_fas_homepage_industry_list[de-2]" time="0.000"><skipped type="pytest.skip" message="Skipped while the sector/industries panel is hidden in find_a_supplier/templates/find_a_supplier/landing_page.html">/Users/davidurquhart/great/great-international-ui/find_a_supplier/tests/test_templates.py:7: Skipped while the sector/industries panel is hidden in find_a_supplier/templates/find_a_supplier/landing_page.html</skipped></testcase><testcase classname="find_a_supplier.tests.test_templates" name="test_fas_homepage_industry_list[ja-1]" time="0.000"><skipped type="pytest.skip" message="Skipped while the sector/industries panel is hidden in find_a_supplier/templates/find_a_supplier/landing_page.html">/Users/davidurquhart/great/great-international-ui/find_a_supplier/tests/test_templates.py:7: Skipped while the sector/industries panel is hidden in find_a_supplier/templates/find_a_supplier/landing_page.html</skipped></testcase><testcase classname="find_a_supplier.tests.test_templatetags" name="test_banner" time="0.005" /><testcase classname="find_a_supplier.tests.test_templatetags" name="test_add_export_elements_classes[&lt;h1&gt;content&lt;/h1&gt;-&lt;h1 class=&quot;govuk-heading-xl great-text-white&quot;&gt;content&lt;/h1&gt;]" time="0.002" /><testcase classname="find_a_supplier.tests.test_templatetags" name="test_add_export_elements_classes[&lt;h2&gt;content&lt;/h2&gt;-&lt;h2 class=&quot;govuk-heading-l&quot;&gt;content&lt;/h2&gt;]" time="0.002" /><testcase classname="find_a_supplier.tests.test_templatetags" name="test_add_export_elements_classes[&lt;h3&gt;content&lt;/h3&gt;-&lt;h3 class=&quot;govuk-heading-m&quot;&gt;content&lt;/h3&gt;]" time="0.002" /><testcase classname="find_a_supplier.tests.test_templatetags" name="test_add_export_elements_classes[&lt;h4&gt;content&lt;/h4&gt;-&lt;h4 class=&quot;govuk-heading-s&quot;&gt;content&lt;/h4&gt;]" time="0.002" /><testcase classname="find_a_supplier.tests.test_templatetags" name="test_add_export_elements_classes[&lt;ul&gt;content&lt;/ul&gt;-&lt;ul class=&quot;list list-bullet&quot;&gt;content&lt;/ul&gt;]" time="0.002" /><testcase classname="find_a_supplier.tests.test_templatetags" name="test_add_export_elements_classes[&lt;ol&gt;content&lt;/ul&gt;-&lt;ol class=&quot;list list-number&quot;&gt;content&lt;/ol&gt;]" time="0.002" /><testcase classname="find_a_supplier.tests.test_templatetags" name="test_add_export_elements_classes[&lt;p&gt;content&lt;/p&gt;-&lt;p class=&quot;govuk-body&quot;&gt;content&lt;/p&gt;]" time="0.002" /><testcase classname="find_a_supplier.tests.test_templatetags" name="test_add_export_elements_classes[&lt;a&gt;content&lt;/a&gt;-&lt;a class=&quot;govuk-link&quot;&gt;content&lt;/a&gt;]" time="0.002" /><testcase classname="find_a_supplier.tests.test_templatetags" name="test_add_export_elements_classes[&lt;blockquote&gt;a&lt;/blockquote&gt;-&lt;blockquote class=&quot;quote&quot;&gt;a&lt;/blockquote&gt;]" time="0.002" /><testcase classname="find_a_supplier.tests.test_views" name="test_fas_homepage_search_form" time="0.013" /><testcase classname="find_a_supplier.tests.test_views" name="test_public_profile_different_slug_redirected" time="0.003" /><testcase classname="find_a_supplier.tests.test_views" name="test_public_profile_missing_slug_redirected" time="0.003" /><testcase classname="find_a_supplier.tests.test_views" name="test_public_profile_same_slug_not_redirected" time="0.536" /><testcase classname="find_a_supplier.tests.test_views" name="test_public_profile_details_verbose_context" time="0.012" /><testcase classname="find_a_supplier.tests.test_views" name="test_public_profile_details_non_verbose_context" time="0.010" /><testcase classname="find_a_supplier.tests.test_views" name="test_public_profile_details_exposes_context" time="0.009" /><testcase classname="find_a_supplier.tests.test_views" name="test_company_profile_list_with_params_redirects_to_search" time="0.003" /><testcase classname="find_a_supplier.tests.test_views" name="test_company_profile_list_redirects_to_search" time="0.003" /><testcase classname="find_a_supplier.tests.test_views" name="test_public_profile_details_calls_api" time="0.009" /><testcase classname="find_a_supplier.tests.test_views" name="test_public_profile_details_handles_bad_status" time="0.020" /><testcase classname="find_a_supplier.tests.test_views" name="test_public_profile_details_handles_404" time="0.005" /><testcase classname="find_a_supplier.tests.test_views" name="test_public_profile_details_404_non_fas" time="0.005" /><testcase classname="find_a_supplier.tests.test_views" name="test_supplier_case_study_exposes_context" time="0.101" /><testcase classname="find_a_supplier.tests.test_views" name="test_supplier_case_study_calls_api" time="0.030" /><testcase classname="find_a_supplier.tests.test_views" name="test_case_study_different_slug_redirected" time="0.003" /><testcase classname="find_a_supplier.tests.test_views" name="test_case_study_missing_slug_redirected" time="0.003" /><testcase classname="find_a_supplier.tests.test_views" name="test_case_study_same_slug_not_redirected" time="0.027" /><testcase classname="find_a_supplier.tests.test_views" name="test_trade_redirect_homepage" time="0.003" /><testcase classname="find_a_supplier.tests.test_views" name="test_invest_redirect_homepage_english" time="0.003" /><testcase classname="find_a_supplier.tests.test_views" name="test_supplier_case_study_handles_bad_status" time="0.014" /><testcase classname="find_a_supplier.tests.test_views" name="test_supplier_case_study_handles_404" time="0.005" /><testcase classname="find_a_supplier.tests.test_views" name="test_contact_company_view" time="0.016" /><testcase classname="find_a_supplier.tests.test_views" name="test_contact_company_view_feature_submit_forms_api_success" time="0.005" /><testcase classname="find_a_supplier.tests.test_views" name="test_contact_company_view_feature_submit_api_forms_failure" time="0.015" /><testcase classname="find_a_supplier.tests.test_views" name="test_contact_company_exposes_context" time="0.015" /><testcase classname="find_a_supplier.tests.test_views" name="test_company_search_submit_form_on_get" time="0.073" /><testcase classname="find_a_supplier.tests.test_views" name="test_company_search_redirects_using_old_params[params0-q=123&amp;industries=AEROSPACE]" time="0.003" /><testcase classname="find_a_supplier.tests.test_views" name="test_company_search_redirects_using_old_params[params1-industries=AEROSPACE]" time="0.003" /><testcase classname="find_a_supplier.tests.test_views" name="test_company_search_redirects_using_old_params[params2-q=123]" time="0.003" /><testcase classname="find_a_supplier.tests.test_views" name="test_company_search_pagination_count" time="0.067" /><testcase classname="find_a_supplier.tests.test_views" name="test_company_search_pagination_param" time="0.071" /><testcase classname="find_a_supplier.tests.test_views" name="test_company_search_sector_empty" time="0.104" /><testcase classname="find_a_supplier.tests.test_views" name="test_company_search_pagination_empty_page" time="0.003" /><testcase classname="find_a_supplier.tests.test_views" name="test_company_search_not_submit_without_params" time="0.021" /><testcase classname="find_a_supplier.tests.test_views" name="test_company_search_api_call_error" time="0.015" /><testcase classname="find_a_supplier.tests.test_views" name="test_company_search_api_success" time="0.022" /><testcase classname="find_a_supplier.tests.test_views" name="test_company_search_response_no_highlight" time="0.068" /><testcase classname="find_a_supplier.tests.test_views" name="test_company_highlight_description" time="0.068" /><testcase classname="find_a_supplier.tests.test_views" name="test_company_search_highlight_summary" time="0.068" /><testcase classname="find_a_supplier.tests.test_views" name="test_company_profile_url_routing_200[find-a-supplier:profile-01234567-a]" time="0.002" /><testcase classname="find_a_supplier.tests.test_views" name="test_company_profile_url_routing_200[find-a-supplier:profile-SC01234567-a]" time="0.002" /><testcase classname="find_a_supplier.tests.test_views" name="test_company_profile_url_routing_200[find-a-supplier:profile-slugless-01234567-None]" time="0.002" /><testcase classname="find_a_supplier.tests.test_views" name="test_company_profile_url_routing_200[find-a-supplier:profile-slugless-SC01234567-None]" time="0.002" /><testcase classname="find_a_supplier.tests.test_views" name="test_company_profile_url_routing_200[find-a-supplier:company-contact-01234567-None]" time="0.002" /><testcase classname="find_a_supplier.tests.test_views" name="test_company_profile_url_routing_200[find-a-supplier:company-contact-SC01234567-None]" time="0.002" /><testcase classname="find_a_supplier.tests.test_views" name="test_company_profile_url_routing_404[find-a-supplier:profile-.-a]" time="0.002" /><testcase classname="find_a_supplier.tests.test_views" name="test_company_profile_url_routing_404[find-a-supplier:profile-slugless-.-None]" time="0.002" /><testcase classname="find_a_supplier.tests.test_views" name="test_company_profile_url_routing_404[find-a-supplier:company-contact-.-a]" time="0.002" /><testcase classname="find_a_supplier.tests.test_views" name="test_contact_company_sent" time="0.007" /><testcase classname="find_a_supplier.tests.test_views" name="test_home_page_show_guide[params0]" time="0.060" /><testcase classname="find_a_supplier.tests.test_views" name="test_home_page_show_guide[params1]" time="0.021" /><testcase classname="find_a_supplier.tests.test_views" name="test_home_page_show_guide[params2]" time="0.022" /><testcase classname="find_a_supplier.tests.test_views" name="test_home_page_show_guide[params3]" time="0.022" /><testcase classname="find_a_supplier.tests.test_views" name="test_home_page_hide_guide[params0]" time="0.023" /><testcase classname="find_a_supplier.tests.test_views" name="test_home_page_hide_guide[params1]" time="0.068" /><testcase classname="find_a_supplier.tests.test_views" name="test_home_page_hide_guide[params2]" time="0.022" /><testcase classname="find_a_supplier.tests.test_views" name="test_home_page_hide_guide[params3]" time="0.023" /><testcase classname="find_a_supplier.tests.test_views" name="test_anonymous_subscribe" time="0.028" /><testcase classname="find_a_supplier.tests.test_views" name="test_anonymous_subscribe_success" time="0.006" /><testcase classname="find_a_supplier.tests.test_views" name="test_industry_contact_submit_with_comment_forms_api" time="0.006" /><testcase classname="find_a_supplier.tests.test_views" name="test_industry_contact_sent_no_referer" time="0.003" /><testcase classname="find_a_supplier.tests.test_views" name="test_industry_contact_sent_incorrect_referer" time="0.003" /><testcase classname="find_a_supplier.tests.test_views" name="test_industry_contact_sent_correct_referer" time="0.008" /><testcase classname="find_a_supplier.tests.test_views" name="test_industry_contact_has_privacy_url" time="0.054" /><testcase classname="find_a_supplier.tests.test_views" name="test_industry_contact_serialized_data" time="0.003" /><testcase classname="find_a_supplier.tests.test_views" name="test_unsubscribe_required_params" time="0.007" /><testcase classname="find_a_supplier.tests.test_views" name="test_unsubscribe_missing_required_params" time="0.003" /><testcase classname="find_a_supplier.tests.test_views" name="test_unsubscribe_api_validation_failure" time="0.007" /><testcase classname="find_a_supplier.tests.test_views" name="test_unsubscribe_api_error" time="0.014" /><testcase classname="find_a_supplier.tests.test_views" name="test_unsubscribe_api_success" time="0.009" /><testcase classname="invest.tests.test_helpers" name="test_get_language_from_prefix[es/industries/foo/-es]" time="0.002" /><testcase classname="invest.tests.test_helpers" name="test_get_language_from_prefix[zh-hans/industries/-zh-hans]" time="0.002" /><testcase classname="invest.tests.test_helpers" name="test_get_language_from_prefix[de/industries/aerospace/bar/-de]" time="0.002" /><testcase classname="invest.tests.test_helpers" name="test_get_language_from_prefix[fr/industries/free-foods/-fr]" time="0.001" /><testcase classname="invest.tests.test_views" name="test_invest_english_only_redirects[high-potential-opportunities/rail-infrastructure-/international/content/invest/high-potential-opportunities/rail-infrastructure/]" time="0.003" /><testcase classname="invest.tests.test_views" name="test_invest_english_only_redirects[high-potential-opportunities/food-production-/international/content/invest/high-potential-opportunities/food-production/]" time="0.003" /><testcase classname="invest.tests.test_views" name="test_invest_english_only_redirects[high-potential-opportunities/lightweight-structures-/international/content/invest/high-potential-opportunities/lightweight-structures/]" time="0.003" /><testcase classname="invest.tests.test_views" name="test_invest_english_only_redirects[high-potential-opportunities/rail-infrastructure/contact-/international/content/invest/high-potential-opportunities/contact/]" time="0.003" /><testcase classname="invest.tests.test_views" name="test_invest_english_only_redirects[high-potential-opportunities/food-production/contact-/international/content/invest/high-potential-opportunities/contact/]" time="0.003" /><testcase classname="invest.tests.test_views" name="test_invest_english_only_redirects[high-potential-opportunities/lightweight-structures/contact-/international/content/invest/high-potential-opportunities/contact/]" time="0.003" /><testcase classname="invest.tests.test_views" name="test_invest_english_only_redirects[foo/bar-/international/investment/]" time="0.003" /><testcase classname="invest.tests.test_views" name="test_invest_translated_redirects[-/international/invest/]" time="0.003" /><testcase classname="invest.tests.test_views" name="test_invest_translated_redirects[es/-/international/invest/?lang=es]" time="0.003" /><testcase classname="invest.tests.test_views" name="test_invest_translated_redirects[de/-/international/invest/?lang=de]" time="0.045" /><testcase classname="invest.tests.test_views" name="test_invest_translated_redirects[fr/-/international/invest/?lang=fr]" time="0.003" /><testcase classname="invest.tests.test_views" name="test_invest_translated_redirects[pt/-/international/invest/?lang=pt]" time="0.002" /><testcase classname="invest.tests.test_views" name="test_invest_translated_redirects[zh-hans/-/international/invest/?lang=zh-hans]" time="0.003" /><testcase classname="invest.tests.test_views" name="test_invest_translated_redirects[ar/-/international/invest/]" time="0.003" /><testcase classname="invest.tests.test_views" name="test_invest_translated_redirects[ja/-/international/invest/]" time="0.002" /><testcase classname="invest.tests.test_views" name="test_invest_translated_redirects[contact-/international/invest/contact/]" time="0.002" /><testcase classname="invest.tests.test_views" name="test_invest_translated_redirects[es/contact-/international/invest/contact/?lang=es]" time="0.003" /><testcase classname="invest.tests.test_views" name="test_invest_translated_redirects[de/contact-/international/invest/contact/?lang=de]" time="0.003" /><testcase classname="invest.tests.test_views" name="test_invest_translated_redirects[fr/contact-/international/invest/contact/?lang=fr]" time="0.003" /><testcase classname="invest.tests.test_views" name="test_invest_translated_redirects[pt/contact-/international/invest/contact/?lang=pt]" time="0.002" /><testcase classname="invest.tests.test_views" name="test_invest_translated_redirects[zh-hans/contact-/international/invest/contact/?lang=zh-hans]" time="0.002" /><testcase classname="invest.tests.test_views" name="test_invest_translated_redirects[ar/contact-/international/invest/contact/]" time="0.003" /><testcase classname="invest.tests.test_views" name="test_invest_translated_redirects[ja/contact-/international/invest/contact/]" time="0.003" /><testcase classname="invest.tests.test_views" name="test_invest_translated_redirects[uk-regions/midlands-/international/content/invest/uk-regions/midlands/]" time="0.002" /><testcase classname="invest.tests.test_views" name="test_invest_translated_redirects[es/uk-regions/midlands-/international/content/invest/uk-regions/midlands/?lang=es]" time="0.003" /><testcase classname="invest.tests.test_views" name="test_invest_translated_redirects[de/uk-regions/midlands-/international/content/invest/uk-regions/midlands/?lang=de]" time="0.003" /><testcase classname="invest.tests.test_views" name="test_invest_translated_redirects[fr/uk-regions/midlands-/international/content/invest/uk-regions/midlands/?lang=fr]" time="0.002" /><testcase classname="invest.tests.test_views" name="test_invest_translated_redirects[pt/uk-regions/midlands-/international/content/invest/uk-regions/midlands/?lang=pt]" time="0.003" /><testcase classname="invest.tests.test_views" name="test_invest_translated_redirects[zh-hans/uk-regions/midlands-/international/content/invest/uk-regions/midlands/?lang=zh-hans]" time="0.002" /><testcase classname="invest.tests.test_views" name="test_invest_translated_redirects[ar/uk-regions/midlands-/international/content/invest/uk-regions/midlands/]" time="0.002" /><testcase classname="invest.tests.test_views" name="test_invest_translated_redirects[ja/uk-regions/midlands-/international/content/invest/uk-regions/midlands/]" time="0.002" /><testcase classname="invest.tests.test_views" name="test_invest_translated_redirects[uk-regions/northern-ireland-/international/content/invest/uk-regions/northern-ireland/]" time="0.002" /><testcase classname="invest.tests.test_views" name="test_invest_translated_redirects[es/uk-regions/northern-ireland-/international/content/invest/uk-regions/northern-ireland/?lang=es]" time="0.002" /><testcase classname="invest.tests.test_views" name="test_invest_translated_redirects[de/uk-regions/northern-ireland-/international/content/invest/uk-regions/northern-ireland/?lang=de]" time="0.003" /><testcase classname="invest.tests.test_views" name="test_invest_translated_redirects[fr/uk-regions/northern-ireland-/international/content/invest/uk-regions/northern-ireland/?lang=fr]" time="0.003" /><testcase classname="invest.tests.test_views" name="test_invest_translated_redirects[pt/uk-regions/northern-ireland-/international/content/invest/uk-regions/northern-ireland/?lang=pt]" time="0.003" /><testcase classname="invest.tests.test_views" name="test_invest_translated_redirects[zh-hans/uk-regions/northern-ireland-/international/content/invest/uk-regions/northern-ireland/?lang=zh-hans]" time="0.003" /><testcase classname="invest.tests.test_views" name="test_invest_translated_redirects[ar/uk-regions/northern-ireland-/international/content/invest/uk-regions/northern-ireland/]" time="0.003" /><testcase classname="invest.tests.test_views" name="test_invest_translated_redirects[ja/uk-regions/northern-ireland-/international/content/invest/uk-regions/northern-ireland/]" time="0.003" /><testcase classname="invest.tests.test_views" name="test_invest_translated_redirects[uk-regions/south-england-/international/content/invest/uk-regions/south-england/]" time="0.003" /><testcase classname="invest.tests.test_views" name="test_invest_translated_redirects[es/uk-regions/south-england-/international/content/invest/uk-regions/south-england/?lang=es]" time="0.003" /><testcase classname="invest.tests.test_views" name="test_invest_translated_redirects[de/uk-regions/south-england-/international/content/invest/uk-regions/south-england/?lang=de]" time="0.003" /><testcase classname="invest.tests.test_views" name="test_invest_translated_redirects[fr/uk-regions/south-england-/international/content/invest/uk-regions/south-england/?lang=fr]" time="0.003" /><testcase classname="invest.tests.test_views" name="test_invest_translated_redirects[pt/uk-regions/south-england-/international/content/invest/uk-regions/south-england/?lang=pt]" time="0.003" /><testcase classname="invest.tests.test_views" name="test_invest_translated_redirects[zh-hans/uk-regions/south-england-/international/content/invest/uk-regions/south-england/?lang=zh-hans]" time="0.003" /><testcase classname="invest.tests.test_views" name="test_invest_translated_redirects[ar/uk-regions/south-england-/international/content/invest/uk-regions/south-england/]" time="0.003" /><testcase classname="invest.tests.test_views" name="test_invest_translated_redirects[ja/uk-regions/south-england-/international/content/invest/uk-regions/south-england/]" time="0.003" /><testcase classname="invest.tests.test_views" name="test_invest_translated_redirects[uk-regions/north-england-/international/content/invest/uk-regions/north-england/]" time="0.003" /><testcase classname="invest.tests.test_views" name="test_invest_translated_redirects[es/uk-regions/north-england-/international/content/invest/uk-regions/north-england/?lang=es]" time="0.003" /><testcase classname="invest.tests.test_views" name="test_invest_translated_redirects[de/uk-regions/north-england-/international/content/invest/uk-regions/north-england/?lang=de]" time="0.002" /><testcase classname="invest.tests.test_views" name="test_invest_translated_redirects[fr/uk-regions/north-england-/international/content/invest/uk-regions/north-england/?lang=fr]" time="0.003" /><testcase classname="invest.tests.test_views" name="test_invest_translated_redirects[pt/uk-regions/north-england-/international/content/invest/uk-regions/north-england/?lang=pt]" time="0.003" /><testcase classname="invest.tests.test_views" name="test_invest_translated_redirects[zh-hans/uk-regions/north-england-/international/content/invest/uk-regions/north-england/?lang=zh-hans]" time="0.003" /><testcase classname="invest.tests.test_views" name="test_invest_translated_redirects[ar/uk-regions/north-england-/international/content/invest/uk-regions/north-england/]" time="0.003" /><testcase classname="invest.tests.test_views" name="test_invest_translated_redirects[ja/uk-regions/north-england-/international/content/invest/uk-regions/north-england/]" time="0.003" /><testcase classname="invest.tests.test_views" name="test_invest_translated_redirects[uk-regions/london-/international/content/invest/uk-regions/london/]" time="0.002" /><testcase classname="invest.tests.test_views" name="test_invest_translated_redirects[es/uk-regions/london-/international/content/invest/uk-regions/london/?lang=es]" time="0.003" /><testcase classname="invest.tests.test_views" name="test_invest_translated_redirects[de/uk-regions/london-/international/content/invest/uk-regions/london/?lang=de]" time="0.003" /><testcase classname="invest.tests.test_views" name="test_invest_translated_redirects[fr/uk-regions/london-/international/content/invest/uk-regions/london/?lang=fr]" time="0.003" /><testcase classname="invest.tests.test_views" name="test_invest_translated_redirects[pt/uk-regions/london-/international/content/invest/uk-regions/london/?lang=pt]" time="0.003" /><testcase classname="invest.tests.test_views" name="test_invest_translated_redirects[zh-hans/uk-regions/london-/international/content/invest/uk-regions/london/?lang=zh-hans]" time="0.003" /><testcase classname="invest.tests.test_views" name="test_invest_translated_redirects[ar/uk-regions/london-/international/content/invest/uk-regions/london/]" time="0.003" /><testcase classname="invest.tests.test_views" name="test_invest_translated_redirects[ja/uk-regions/london-/international/content/invest/uk-regions/london/]" time="0.003" /><testcase classname="invest.tests.test_views" name="test_invest_translated_redirects[uk-regions/wales-/international/content/invest/uk-regions/wales/]" time="0.003" /><testcase classname="invest.tests.test_views" name="test_invest_translated_redirects[es/uk-regions/wales-/international/content/invest/uk-regions/wales/?lang=es]" time="0.003" /><testcase classname="invest.tests.test_views" name="test_invest_translated_redirects[de/uk-regions/wales-/international/content/invest/uk-regions/wales/?lang=de]" time="0.003" /><testcase classname="invest.tests.test_views" name="test_invest_translated_redirects[fr/uk-regions/wales-/international/content/invest/uk-regions/wales/?lang=fr]" time="0.003" /><testcase classname="invest.tests.test_views" name="test_invest_translated_redirects[pt/uk-regions/wales-/international/content/invest/uk-regions/wales/?lang=pt]" time="0.002" /><testcase classname="invest.tests.test_views" name="test_invest_translated_redirects[zh-hans/uk-regions/wales-/international/content/invest/uk-regions/wales/?lang=zh-hans]" time="0.003" /><testcase classname="invest.tests.test_views" name="test_invest_translated_redirects[ar/uk-regions/wales-/international/content/invest/uk-regions/wales/]" time="0.003" /><testcase classname="invest.tests.test_views" name="test_invest_translated_redirects[ja/uk-regions/wales-/international/content/invest/uk-regions/wales/]" time="0.003" /><testcase classname="invest.tests.test_views" name="test_invest_translated_redirects[uk-regions/scotland-/international/content/invest/uk-regions/scotland/]" time="0.003" /><testcase classname="invest.tests.test_views" name="test_invest_translated_redirects[es/uk-regions/scotland-/international/content/invest/uk-regions/scotland/?lang=es]" time="0.003" /><testcase classname="invest.tests.test_views" name="test_invest_translated_redirects[de/uk-regions/scotland-/international/content/invest/uk-regions/scotland/?lang=de]" time="0.003" /><testcase classname="invest.tests.test_views" name="test_invest_translated_redirects[fr/uk-regions/scotland-/international/content/invest/uk-regions/scotland/?lang=fr]" time="0.003" /><testcase classname="invest.tests.test_views" name="test_invest_translated_redirects[pt/uk-regions/scotland-/international/content/invest/uk-regions/scotland/?lang=pt]" time="0.003" /><testcase classname="invest.tests.test_views" name="test_invest_translated_redirects[zh-hans/uk-regions/scotland-/international/content/invest/uk-regions/scotland/?lang=zh-hans]" time="0.003" /><testcase classname="invest.tests.test_views" name="test_invest_translated_redirects[ar/uk-regions/scotland-/international/content/invest/uk-regions/scotland/]" time="0.003" /><testcase classname="invest.tests.test_views" name="test_invest_translated_redirects[ja/uk-regions/scotland-/international/content/invest/uk-regions/scotland/]" time="0.002" /><testcase classname="invest.tests.test_views" name="test_invest_translated_redirects[industries-/international/content/industries/]" time="0.002" /><testcase classname="invest.tests.test_views" name="test_invest_translated_redirects[es/industries-/international/content/industries/?lang=es]" time="0.003" /><testcase classname="invest.tests.test_views" name="test_invest_translated_redirects[de/industries-/international/content/industries/?lang=de]" time="0.003" /><testcase classname="invest.tests.test_views" name="test_invest_translated_redirects[fr/industries-/international/content/industries/?lang=fr]" time="0.003" /><testcase classname="invest.tests.test_views" name="test_invest_translated_redirects[pt/industries-/international/content/industries/?lang=pt]" time="0.003" /><testcase classname="invest.tests.test_views" name="test_invest_translated_redirects[zh-hans/industries-/international/content/industries/?lang=zh-hans]" time="0.003" /><testcase classname="invest.tests.test_views" name="test_invest_translated_redirects[ar/industries-/international/content/industries/]" time="0.003" /><testcase classname="invest.tests.test_views" name="test_invest_translated_redirects[ja/industries-/international/content/industries/]" time="0.003" /><testcase classname="invest.tests.test_views" name="test_invest_translated_redirects[industries/health-and-life-sciences-/international/content/industries/health-and-life-sciences/]" time="0.003" /><testcase classname="invest.tests.test_views" name="test_invest_translated_redirects[es/industries/health-and-life-sciences-/international/content/industries/health-and-life-sciences/?lang=es]" time="0.003" /><testcase classname="invest.tests.test_views" name="test_invest_translated_redirects[de/industries/health-and-life-sciences-/international/content/industries/health-and-life-sciences/?lang=de]" time="0.003" /><testcase classname="invest.tests.test_views" name="test_invest_translated_redirects[fr/industries/health-and-life-sciences-/international/content/industries/health-and-life-sciences/?lang=fr]" time="0.002" /><testcase classname="invest.tests.test_views" name="test_invest_translated_redirects[pt/industries/health-and-life-sciences-/international/content/industries/health-and-life-sciences/?lang=pt]" time="0.002" /><testcase classname="invest.tests.test_views" name="test_invest_translated_redirects[zh-hans/industries/health-and-life-sciences-/international/content/industries/health-and-life-sciences/?lang=zh-hans]" time="0.003" /><testcase classname="invest.tests.test_views" name="test_invest_translated_redirects[ar/industries/health-and-life-sciences-/international/content/industries/health-and-life-sciences/]" time="0.003" /><testcase classname="invest.tests.test_views" name="test_invest_translated_redirects[ja/industries/health-and-life-sciences-/international/content/industries/health-and-life-sciences/]" time="0.003" /><testcase classname="invest.tests.test_views" name="test_invest_translated_redirects[industries/pharmaceutical-manufacturing-/international/content/industries/health-and-life-sciences/]" time="0.003" /><testcase classname="invest.tests.test_views" name="test_invest_translated_redirects[es/industries/pharmaceutical-manufacturing-/international/content/industries/health-and-life-sciences/?lang=es]" time="0.003" /><testcase classname="invest.tests.test_views" name="test_invest_translated_redirects[de/industries/pharmaceutical-manufacturing-/international/content/industries/health-and-life-sciences/?lang=de]" time="0.003" /><testcase classname="invest.tests.test_views" name="test_invest_translated_redirects[fr/industries/pharmaceutical-manufacturing-/international/content/industries/health-and-life-sciences/?lang=fr]" time="0.002" /><testcase classname="invest.tests.test_views" name="test_invest_translated_redirects[pt/industries/pharmaceutical-manufacturing-/international/content/industries/health-and-life-sciences/?lang=pt]" time="0.003" /><testcase classname="invest.tests.test_views" name="test_invest_translated_redirects[zh-hans/industries/pharmaceutical-manufacturing-/international/content/industries/health-and-life-sciences/?lang=zh-hans]" time="0.003" /><testcase classname="invest.tests.test_views" name="test_invest_translated_redirects[ar/industries/pharmaceutical-manufacturing-/international/content/industries/health-and-life-sciences/]" time="0.003" /><testcase classname="invest.tests.test_views" name="test_invest_translated_redirects[ja/industries/pharmaceutical-manufacturing-/international/content/industries/health-and-life-sciences/]" time="0.002" /><testcase classname="invest.tests.test_views" name="test_invest_translated_redirects[industries/medical-technology-/international/content/industries/health-and-life-sciences/]" time="0.003" /><testcase classname="invest.tests.test_views" name="test_invest_translated_redirects[es/industries/medical-technology-/international/content/industries/health-and-life-sciences/?lang=es]" time="0.003" /><testcase classname="invest.tests.test_views" name="test_invest_translated_redirects[de/industries/medical-technology-/international/content/industries/health-and-life-sciences/?lang=de]" time="0.003" /><testcase classname="invest.tests.test_views" name="test_invest_translated_redirects[fr/industries/medical-technology-/international/content/industries/health-and-life-sciences/?lang=fr]" time="0.002" /><testcase classname="invest.tests.test_views" name="test_invest_translated_redirects[pt/industries/medical-technology-/international/content/industries/health-and-life-sciences/?lang=pt]" time="0.003" /><testcase classname="invest.tests.test_views" name="test_invest_translated_redirects[zh-hans/industries/medical-technology-/international/content/industries/health-and-life-sciences/?lang=zh-hans]" time="0.003" /><testcase classname="invest.tests.test_views" name="test_invest_translated_redirects[ar/industries/medical-technology-/international/content/industries/health-and-life-sciences/]" time="0.003" /><testcase classname="invest.tests.test_views" name="test_invest_translated_redirects[ja/industries/medical-technology-/international/content/industries/health-and-life-sciences/]" time="0.003" /><testcase classname="invest.tests.test_views" name="test_invest_translated_redirects[industries/creative-industries-international/content/industries/creative-industries/]" time="0.003" /><testcase classname="invest.tests.test_views" name="test_invest_translated_redirects[es/industries/creative-industries-international/content/industries/creative-industries/?lang=es]" time="0.003" /><testcase classname="invest.tests.test_views" name="test_invest_translated_redirects[de/industries/creative-industries-international/content/industries/creative-industries/?lang=de]" time="0.003" /><testcase classname="invest.tests.test_views" name="test_invest_translated_redirects[fr/industries/creative-industries-international/content/industries/creative-industries/?lang=fr]" time="0.003" /><testcase classname="invest.tests.test_views" name="test_invest_translated_redirects[pt/industries/creative-industries-international/content/industries/creative-industries/?lang=pt]" time="0.003" /><testcase classname="invest.tests.test_views" name="test_invest_translated_redirects[zh-hans/industries/creative-industries-international/content/industries/creative-industries/?lang=zh-hans]" time="0.003" /><testcase classname="invest.tests.test_views" name="test_invest_translated_redirects[ar/industries/creative-industries-international/content/industries/creative-industries/]" time="0.003" /><testcase classname="invest.tests.test_views" name="test_invest_translated_redirects[ja/industries/creative-industries-international/content/industries/creative-industries/]" time="0.003" /><testcase classname="invest.tests.test_views" name="test_invest_translated_redirects[industries/digital-media-/international/content/industries/creative-industries/]" time="0.003" /><testcase classname="invest.tests.test_views" name="test_invest_translated_redirects[es/industries/digital-media-/international/content/industries/creative-industries/?lang=es]" time="0.003" /><testcase classname="invest.tests.test_views" name="test_invest_translated_redirects[de/industries/digital-media-/international/content/industries/creative-industries/?lang=de]" time="0.003" /><testcase classname="invest.tests.test_views" name="test_invest_translated_redirects[fr/industries/digital-media-/international/content/industries/creative-industries/?lang=fr]" time="0.003" /><testcase classname="invest.tests.test_views" name="test_invest_translated_redirects[pt/industries/digital-media-/international/content/industries/creative-industries/?lang=pt]" time="0.003" /><testcase classname="invest.tests.test_views" name="test_invest_translated_redirects[zh-hans/industries/digital-media-/international/content/industries/creative-industries/?lang=zh-hans]" time="0.003" /><testcase classname="invest.tests.test_views" name="test_invest_translated_redirects[ar/industries/digital-media-/international/content/industries/creative-industries/]" time="0.002" /><testcase classname="invest.tests.test_views" name="test_invest_translated_redirects[ja/industries/digital-media-/international/content/industries/creative-industries/]" time="0.002" /><testcase classname="invest.tests.test_views" name="test_invest_translated_redirects[industries/creative-content-and-production-/international/content/industries/creative-industries/]" time="0.002" /><testcase classname="invest.tests.test_views" name="test_invest_translated_redirects[es/industries/creative-content-and-production-/international/content/industries/creative-industries/?lang=es]" time="0.002" /><testcase classname="invest.tests.test_views" name="test_invest_translated_redirects[de/industries/creative-content-and-production-/international/content/industries/creative-industries/?lang=de]" time="0.003" /><testcase classname="invest.tests.test_views" name="test_invest_translated_redirects[fr/industries/creative-content-and-production-/international/content/industries/creative-industries/?lang=fr]" time="0.003" /><testcase classname="invest.tests.test_views" name="test_invest_translated_redirects[pt/industries/creative-content-and-production-/international/content/industries/creative-industries/?lang=pt]" time="0.003" /><testcase classname="invest.tests.test_views" name="test_invest_translated_redirects[zh-hans/industries/creative-content-and-production-/international/content/industries/creative-industries/?lang=zh-hans]" time="0.003" /><testcase classname="invest.tests.test_views" name="test_invest_translated_redirects[ar/industries/creative-content-and-production-/international/content/industries/creative-industries/]" time="0.003" /><testcase classname="invest.tests.test_views" name="test_invest_translated_redirects[ja/industries/creative-content-and-production-/international/content/industries/creative-industries/]" time="0.003" /><testcase classname="invest.tests.test_views" name="test_invest_translated_redirects[industries/food-and-drink-/international/content/industries/food-and-drink/]" time="0.003" /><testcase classname="invest.tests.test_views" name="test_invest_translated_redirects[es/industries/food-and-drink-/international/content/industries/food-and-drink/?lang=es]" time="0.003" /><testcase classname="invest.tests.test_views" name="test_invest_translated_redirects[de/industries/food-and-drink-/international/content/industries/food-and-drink/?lang=de]" time="0.003" /><testcase classname="invest.tests.test_views" name="test_invest_translated_redirects[fr/industries/food-and-drink-/international/content/industries/food-and-drink/?lang=fr]" time="0.003" /><testcase classname="invest.tests.test_views" name="test_invest_translated_redirects[pt/industries/food-and-drink-/international/content/industries/food-and-drink/?lang=pt]" time="0.003" /><testcase classname="invest.tests.test_views" name="test_invest_translated_redirects[zh-hans/industries/food-and-drink-/international/content/industries/food-and-drink/?lang=zh-hans]" time="0.003" /><testcase classname="invest.tests.test_views" name="test_invest_translated_redirects[ar/industries/food-and-drink-/international/content/industries/food-and-drink/]" time="0.003" /><testcase classname="invest.tests.test_views" name="test_invest_translated_redirects[ja/industries/food-and-drink-/international/content/industries/food-and-drink/]" time="0.003" /><testcase classname="invest.tests.test_views" name="test_invest_translated_redirects[industries/meat-dairy-and-polutry-/international/content/industries/food-and-drink/]" time="0.003" /><testcase classname="invest.tests.test_views" name="test_invest_translated_redirects[es/industries/meat-dairy-and-polutry-/international/content/industries/food-and-drink/?lang=es]" time="0.003" /><testcase classname="invest.tests.test_views" name="test_invest_translated_redirects[de/industries/meat-dairy-and-polutry-/international/content/industries/food-and-drink/?lang=de]" time="0.003" /><testcase classname="invest.tests.test_views" name="test_invest_translated_redirects[fr/industries/meat-dairy-and-polutry-/international/content/industries/food-and-drink/?lang=fr]" time="0.003" /><testcase classname="invest.tests.test_views" name="test_invest_translated_redirects[pt/industries/meat-dairy-and-polutry-/international/content/industries/food-and-drink/?lang=pt]" time="0.003" /><testcase classname="invest.tests.test_views" name="test_invest_translated_redirects[zh-hans/industries/meat-dairy-and-polutry-/international/content/industries/food-and-drink/?lang=zh-hans]" time="0.003" /><testcase classname="invest.tests.test_views" name="test_invest_translated_redirects[ar/industries/meat-dairy-and-polutry-/international/content/industries/food-and-drink/]" time="0.003" /><testcase classname="invest.tests.test_views" name="test_invest_translated_redirects[ja/industries/meat-dairy-and-polutry-/international/content/industries/food-and-drink/]" time="0.003" /><testcase classname="invest.tests.test_views" name="test_invest_translated_redirects[industries/food-services-and-catering-/international/content/industries/food-and-drink/]" time="0.002" /><testcase classname="invest.tests.test_views" name="test_invest_translated_redirects[es/industries/food-services-and-catering-/international/content/industries/food-and-drink/?lang=es]" time="0.002" /><testcase classname="invest.tests.test_views" name="test_invest_translated_redirects[de/industries/food-services-and-catering-/international/content/industries/food-and-drink/?lang=de]" time="0.003" /><testcase classname="invest.tests.test_views" name="test_invest_translated_redirects[fr/industries/food-services-and-catering-/international/content/industries/food-and-drink/?lang=fr]" time="0.002" /><testcase classname="invest.tests.test_views" name="test_invest_translated_redirects[pt/industries/food-services-and-catering-/international/content/industries/food-and-drink/?lang=pt]" time="0.002" /><testcase classname="invest.tests.test_views" name="test_invest_translated_redirects[zh-hans/industries/food-services-and-catering-/international/content/industries/food-and-drink/?lang=zh-hans]" time="0.003" /><testcase classname="invest.tests.test_views" name="test_invest_translated_redirects[ar/industries/food-services-and-catering-/international/content/industries/food-and-drink/]" time="0.003" /><testcase classname="invest.tests.test_views" name="test_invest_translated_redirects[ja/industries/food-services-and-catering-/international/content/industries/food-and-drink/]" time="0.003" /><testcase classname="invest.tests.test_views" name="test_invest_translated_redirects[industries/free-from-foods-/international/content/industries/food-and-drink/]" time="0.003" /><testcase classname="invest.tests.test_views" name="test_invest_translated_redirects[es/industries/free-from-foods-/international/content/industries/food-and-drink/?lang=es]" time="0.002" /><testcase classname="invest.tests.test_views" name="test_invest_translated_redirects[de/industries/free-from-foods-/international/content/industries/food-and-drink/?lang=de]" time="0.003" /><testcase classname="invest.tests.test_views" name="test_invest_translated_redirects[fr/industries/free-from-foods-/international/content/industries/food-and-drink/?lang=fr]" time="0.002" /><testcase classname="invest.tests.test_views" name="test_invest_translated_redirects[pt/industries/free-from-foods-/international/content/industries/food-and-drink/?lang=pt]" time="0.002" /><testcase classname="invest.tests.test_views" name="test_invest_translated_redirects[zh-hans/industries/free-from-foods-/international/content/industries/food-and-drink/?lang=zh-hans]" time="0.002" /><testcase classname="invest.tests.test_views" name="test_invest_translated_redirects[ar/industries/free-from-foods-/international/content/industries/food-and-drink/]" time="0.003" /><testcase classname="invest.tests.test_views" name="test_invest_translated_redirects[ja/industries/free-from-foods-/international/content/industries/food-and-drink/]" time="0.002" /><testcase classname="invest.tests.test_views" name="test_invest_translated_redirects[industries/financial-services-/international/content/industries/financial-services/]" time="0.002" /><testcase classname="invest.tests.test_views" name="test_invest_translated_redirects[es/industries/financial-services-/international/content/industries/financial-services/?lang=es]" time="0.002" /><testcase classname="invest.tests.test_views" name="test_invest_translated_redirects[de/industries/financial-services-/international/content/industries/financial-services/?lang=de]" time="0.003" /><testcase classname="invest.tests.test_views" name="test_invest_translated_redirects[fr/industries/financial-services-/international/content/industries/financial-services/?lang=fr]" time="0.003" /><testcase classname="invest.tests.test_views" name="test_invest_translated_redirects[pt/industries/financial-services-/international/content/industries/financial-services/?lang=pt]" time="0.003" /><testcase classname="invest.tests.test_views" name="test_invest_translated_redirects[zh-hans/industries/financial-services-/international/content/industries/financial-services/?lang=zh-hans]" time="0.003" /><testcase classname="invest.tests.test_views" name="test_invest_translated_redirects[ar/industries/financial-services-/international/content/industries/financial-services/]" time="0.002" /><testcase classname="invest.tests.test_views" name="test_invest_translated_redirects[ja/industries/financial-services-/international/content/industries/financial-services/]" time="0.002" /><testcase classname="invest.tests.test_views" name="test_invest_translated_redirects[industries/asset-management-/international/content/industries/financial-services/]" time="0.002" /><testcase classname="invest.tests.test_views" name="test_invest_translated_redirects[es/industries/asset-management-/international/content/industries/financial-services/?lang=es]" time="0.002" /><testcase classname="invest.tests.test_views" name="test_invest_translated_redirects[de/industries/asset-management-/international/content/industries/financial-services/?lang=de]" time="0.003" /><testcase classname="invest.tests.test_views" name="test_invest_translated_redirects[fr/industries/asset-management-/international/content/industries/financial-services/?lang=fr]" time="0.002" /><testcase classname="invest.tests.test_views" name="test_invest_translated_redirects[pt/industries/asset-management-/international/content/industries/financial-services/?lang=pt]" time="0.002" /><testcase classname="invest.tests.test_views" name="test_invest_translated_redirects[zh-hans/industries/asset-management-/international/content/industries/financial-services/?lang=zh-hans]" time="0.003" /><testcase classname="invest.tests.test_views" name="test_invest_translated_redirects[ar/industries/asset-management-/international/content/industries/financial-services/]" time="0.003" /><testcase classname="invest.tests.test_views" name="test_invest_translated_redirects[ja/industries/asset-management-/international/content/industries/financial-services/]" time="0.003" /><testcase classname="invest.tests.test_views" name="test_invest_translated_redirects[industries/financial-technology-/international/content/industries/financial-services/]" time="0.003" /><testcase classname="invest.tests.test_views" name="test_invest_translated_redirects[es/industries/financial-technology-/international/content/industries/financial-services/?lang=es]" time="0.003" /><testcase classname="invest.tests.test_views" name="test_invest_translated_redirects[de/industries/financial-technology-/international/content/industries/financial-services/?lang=de]" time="0.003" /><testcase classname="invest.tests.test_views" name="test_invest_translated_redirects[fr/industries/financial-technology-/international/content/industries/financial-services/?lang=fr]" time="0.003" /><testcase classname="invest.tests.test_views" name="test_invest_translated_redirects[pt/industries/financial-technology-/international/content/industries/financial-services/?lang=pt]" time="0.003" /><testcase classname="invest.tests.test_views" name="test_invest_translated_redirects[zh-hans/industries/financial-technology-/international/content/industries/financial-services/?lang=zh-hans]" time="0.002" /><testcase classname="invest.tests.test_views" name="test_invest_translated_redirects[ar/industries/financial-technology-/international/content/industries/financial-services/]" time="0.003" /><testcase classname="invest.tests.test_views" name="test_invest_translated_redirects[ja/industries/financial-technology-/international/content/industries/financial-services/]" time="0.003" /><testcase classname="invest.tests.test_views" name="test_invest_translated_redirects[industries/aerospace-/international/content/industries/aerospace/]" time="0.003" /><testcase classname="invest.tests.test_views" name="test_invest_translated_redirects[es/industries/aerospace-/international/content/industries/aerospace/?lang=es]" time="0.002" /><testcase classname="invest.tests.test_views" name="test_invest_translated_redirects[de/industries/aerospace-/international/content/industries/aerospace/?lang=de]" time="0.003" /><testcase classname="invest.tests.test_views" name="test_invest_translated_redirects[fr/industries/aerospace-/international/content/industries/aerospace/?lang=fr]" time="0.003" /><testcase classname="invest.tests.test_views" name="test_invest_translated_redirects[pt/industries/aerospace-/international/content/industries/aerospace/?lang=pt]" time="0.003" /><testcase classname="invest.tests.test_views" name="test_invest_translated_redirects[zh-hans/industries/aerospace-/international/content/industries/aerospace/?lang=zh-hans]" time="0.003" /><testcase classname="invest.tests.test_views" name="test_invest_translated_redirects[ar/industries/aerospace-/international/content/industries/aerospace/]" time="0.002" /><testcase classname="invest.tests.test_views" name="test_invest_translated_redirects[ja/industries/aerospace-/international/content/industries/aerospace/]" time="0.003" /><testcase classname="invest.tests.test_views" name="test_invest_translated_redirects[industries/agri-tech-/international/content/industries/agricultural-technology/]" time="0.003" /><testcase classname="invest.tests.test_views" name="test_invest_translated_redirects[es/industries/agri-tech-/international/content/industries/agricultural-technology/?lang=es]" time="0.003" /><testcase classname="invest.tests.test_views" name="test_invest_translated_redirects[de/industries/agri-tech-/international/content/industries/agricultural-technology/?lang=de]" time="0.003" /><testcase classname="invest.tests.test_views" name="test_invest_translated_redirects[fr/industries/agri-tech-/international/content/industries/agricultural-technology/?lang=fr]" time="0.003" /><testcase classname="invest.tests.test_views" name="test_invest_translated_redirects[pt/industries/agri-tech-/international/content/industries/agricultural-technology/?lang=pt]" time="0.003" /><testcase classname="invest.tests.test_views" name="test_invest_translated_redirects[zh-hans/industries/agri-tech-/international/content/industries/agricultural-technology/?lang=zh-hans]" time="0.003" /><testcase classname="invest.tests.test_views" name="test_invest_translated_redirects[ar/industries/agri-tech-/international/content/industries/agricultural-technology/]" time="0.003" /><testcase classname="invest.tests.test_views" name="test_invest_translated_redirects[ja/industries/agri-tech-/international/content/industries/agricultural-technology/]" time="0.003" /><testcase classname="invest.tests.test_views" name="test_invest_translated_redirects[industries/retail-/international/content/industries/retail/]" time="0.003" /><testcase classname="invest.tests.test_views" name="test_invest_translated_redirects[es/industries/retail-/international/content/industries/retail/?lang=es]" time="0.003" /><testcase classname="invest.tests.test_views" name="test_invest_translated_redirects[de/industries/retail-/international/content/industries/retail/?lang=de]" time="0.003" /><testcase classname="invest.tests.test_views" name="test_invest_translated_redirects[fr/industries/retail-/international/content/industries/retail/?lang=fr]" time="0.003" /><testcase classname="invest.tests.test_views" name="test_invest_translated_redirects[pt/industries/retail-/international/content/industries/retail/?lang=pt]" time="0.003" /><testcase classname="invest.tests.test_views" name="test_invest_translated_redirects[zh-hans/industries/retail-/international/content/industries/retail/?lang=zh-hans]" time="0.003" /><testcase classname="invest.tests.test_views" name="test_invest_translated_redirects[ar/industries/retail-/international/content/industries/retail/]" time="0.003" /><testcase classname="invest.tests.test_views" name="test_invest_translated_redirects[ja/industries/retail-/international/content/industries/retail/]" time="0.002" /><testcase classname="invest.tests.test_views" name="test_invest_translated_redirects[industries/chemicals-/international/content/invest/industries/chemicals/]" time="0.002" /><testcase classname="invest.tests.test_views" name="test_invest_translated_redirects[es/industries/chemicals-/international/content/invest/industries/chemicals/?lang=es]" time="0.003" /><testcase classname="invest.tests.test_views" name="test_invest_translated_redirects[de/industries/chemicals-/international/content/invest/industries/chemicals/?lang=de]" time="0.003" /><testcase classname="invest.tests.test_views" name="test_invest_translated_redirects[fr/industries/chemicals-/international/content/invest/industries/chemicals/?lang=fr]" time="0.003" /><testcase classname="invest.tests.test_views" name="test_invest_translated_redirects[pt/industries/chemicals-/international/content/invest/industries/chemicals/?lang=pt]" time="0.003" /><testcase classname="invest.tests.test_views" name="test_invest_translated_redirects[zh-hans/industries/chemicals-/international/content/invest/industries/chemicals/?lang=zh-hans]" time="0.003" /><testcase classname="invest.tests.test_views" name="test_invest_translated_redirects[ar/industries/chemicals-/international/content/invest/industries/chemicals/]" time="0.003" /><testcase classname="invest.tests.test_views" name="test_invest_translated_redirects[ja/industries/chemicals-/international/content/invest/industries/chemicals/]" time="0.003" /><testcase classname="invest.tests.test_views" name="test_invest_translated_redirects[industries/technology-/international/content/industries/technology/]" time="0.003" /><testcase classname="invest.tests.test_views" name="test_invest_translated_redirects[es/industries/technology-/international/content/industries/technology/?lang=es]" time="0.003" /><testcase classname="invest.tests.test_views" name="test_invest_translated_redirects[de/industries/technology-/international/content/industries/technology/?lang=de]" time="0.003" /><testcase classname="invest.tests.test_views" name="test_invest_translated_redirects[fr/industries/technology-/international/content/industries/technology/?lang=fr]" time="0.002" /><testcase classname="invest.tests.test_views" name="test_invest_translated_redirects[pt/industries/technology-/international/content/industries/technology/?lang=pt]" time="0.002" /><testcase classname="invest.tests.test_views" name="test_invest_translated_redirects[zh-hans/industries/technology-/international/content/industries/technology/?lang=zh-hans]" time="0.002" /><testcase classname="invest.tests.test_views" name="test_invest_translated_redirects[ar/industries/technology-/international/content/industries/technology/]" time="0.002" /><testcase classname="invest.tests.test_views" name="test_invest_translated_redirects[ja/industries/technology-/international/content/industries/technology/]" time="0.003" /><testcase classname="invest.tests.test_views" name="test_invest_translated_redirects[industries/data-analytics-/international/content/industries/technology/]" time="0.003" /><testcase classname="invest.tests.test_views" name="test_invest_translated_redirects[es/industries/data-analytics-/international/content/industries/technology/?lang=es]" time="0.003" /><testcase classname="invest.tests.test_views" name="test_invest_translated_redirects[de/industries/data-analytics-/international/content/industries/technology/?lang=de]" time="0.003" /><testcase classname="invest.tests.test_views" name="test_invest_translated_redirects[fr/industries/data-analytics-/international/content/industries/technology/?lang=fr]" time="0.003" /><testcase classname="invest.tests.test_views" name="test_invest_translated_redirects[pt/industries/data-analytics-/international/content/industries/technology/?lang=pt]" time="0.003" /><testcase classname="invest.tests.test_views" name="test_invest_translated_redirects[zh-hans/industries/data-analytics-/international/content/industries/technology/?lang=zh-hans]" time="0.002" /><testcase classname="invest.tests.test_views" name="test_invest_translated_redirects[ar/industries/data-analytics-/international/content/industries/technology/]" time="0.003" /><testcase classname="invest.tests.test_views" name="test_invest_translated_redirects[ja/industries/data-analytics-/international/content/industries/technology/]" time="0.003" /><testcase classname="invest.tests.test_views" name="test_invest_translated_redirects[industries/capital-investment-/international/content/capital-invest/]" time="0.002" /><testcase classname="invest.tests.test_views" name="test_invest_translated_redirects[es/industries/capital-investment-/international/content/capital-invest/?lang=es]" time="0.003" /><testcase classname="invest.tests.test_views" name="test_invest_translated_redirects[de/industries/capital-investment-/international/content/capital-invest/?lang=de]" time="0.003" /><testcase classname="invest.tests.test_views" name="test_invest_translated_redirects[fr/industries/capital-investment-/international/content/capital-invest/?lang=fr]" time="0.003" /><testcase classname="invest.tests.test_views" name="test_invest_translated_redirects[pt/industries/capital-investment-/international/content/capital-invest/?lang=pt]" time="0.003" /><testcase classname="invest.tests.test_views" name="test_invest_translated_redirects[zh-hans/industries/capital-investment-/international/content/capital-invest/?lang=zh-hans]" time="0.003" /><testcase classname="invest.tests.test_views" name="test_invest_translated_redirects[ar/industries/capital-investment-/international/content/capital-invest/]" time="0.002" /><testcase classname="invest.tests.test_views" name="test_invest_translated_redirects[ja/industries/capital-investment-/international/content/capital-invest/]" time="0.003" /><testcase classname="invest.tests.test_views" name="test_invest_translated_redirects[industries/automotive-/international/content/industries/automotive/]" time="0.003" /><testcase classname="invest.tests.test_views" name="test_invest_translated_redirects[es/industries/automotive-/international/content/industries/automotive/?lang=es]" time="0.003" /><testcase classname="invest.tests.test_views" name="test_invest_translated_redirects[de/industries/automotive-/international/content/industries/automotive/?lang=de]" time="0.003" /><testcase classname="invest.tests.test_views" name="test_invest_translated_redirects[fr/industries/automotive-/international/content/industries/automotive/?lang=fr]" time="0.003" /><testcase classname="invest.tests.test_views" name="test_invest_translated_redirects[pt/industries/automotive-/international/content/industries/automotive/?lang=pt]" time="0.003" /><testcase classname="invest.tests.test_views" name="test_invest_translated_redirects[zh-hans/industries/automotive-/international/content/industries/automotive/?lang=zh-hans]" time="0.003" /><testcase classname="invest.tests.test_views" name="test_invest_translated_redirects[ar/industries/automotive-/international/content/industries/automotive/]" time="0.003" /><testcase classname="invest.tests.test_views" name="test_invest_translated_redirects[ja/industries/automotive-/international/content/industries/automotive/]" time="0.003" /><testcase classname="invest.tests.test_views" name="test_invest_translated_redirects[industries/motorsport-/international/content/industries/automotive/]" time="0.003" /><testcase classname="invest.tests.test_views" name="test_invest_translated_redirects[es/industries/motorsport-/international/content/industries/automotive/?lang=es]" time="0.003" /><testcase classname="invest.tests.test_views" name="test_invest_translated_redirects[de/industries/motorsport-/international/content/industries/automotive/?lang=de]" time="0.003" /><testcase classname="invest.tests.test_views" name="test_invest_translated_redirects[fr/industries/motorsport-/international/content/industries/automotive/?lang=fr]" time="0.003" /><testcase classname="invest.tests.test_views" name="test_invest_translated_redirects[pt/industries/motorsport-/international/content/industries/automotive/?lang=pt]" time="0.003" /><testcase classname="invest.tests.test_views" name="test_invest_translated_redirects[zh-hans/industries/motorsport-/international/content/industries/automotive/?lang=zh-hans]" time="0.003" /><testcase classname="invest.tests.test_views" name="test_invest_translated_redirects[ar/industries/motorsport-/international/content/industries/automotive/]" time="0.003" /><testcase classname="invest.tests.test_views" name="test_invest_translated_redirects[ja/industries/motorsport-/international/content/industries/automotive/]" time="0.002" /><testcase classname="invest.tests.test_views" name="test_invest_translated_redirects[industries/automotive-research-and-development-/international/content/industries/automotive/]" time="0.002" /><testcase classname="invest.tests.test_views" name="test_invest_translated_redirects[es/industries/automotive-research-and-development-/international/content/industries/automotive/?lang=es]" time="0.002" /><testcase classname="invest.tests.test_views" name="test_invest_translated_redirects[de/industries/automotive-research-and-development-/international/content/industries/automotive/?lang=de]" time="0.002" /><testcase classname="invest.tests.test_views" name="test_invest_translated_redirects[fr/industries/automotive-research-and-development-/international/content/industries/automotive/?lang=fr]" time="0.003" /><testcase classname="invest.tests.test_views" name="test_invest_translated_redirects[pt/industries/automotive-research-and-development-/international/content/industries/automotive/?lang=pt]" time="0.003" /><testcase classname="invest.tests.test_views" name="test_invest_translated_redirects[zh-hans/industries/automotive-research-and-development-/international/content/industries/automotive/?lang=zh-hans]" time="0.003" /><testcase classname="invest.tests.test_views" name="test_invest_translated_redirects[ar/industries/automotive-research-and-development-/international/content/industries/automotive/]" time="0.003" /><testcase classname="invest.tests.test_views" name="test_invest_translated_redirects[ja/industries/automotive-research-and-development-/international/content/industries/automotive/]" time="0.003" /><testcase classname="invest.tests.test_views" name="test_invest_translated_redirects[industries/automotive-supply-chain-/international/content/industries/automotive/]" time="0.003" /><testcase classname="invest.tests.test_views" name="test_invest_translated_redirects[es/industries/automotive-supply-chain-/international/content/industries/automotive/?lang=es]" time="0.003" /><testcase classname="invest.tests.test_views" name="test_invest_translated_redirects[de/industries/automotive-supply-chain-/international/content/industries/automotive/?lang=de]" time="0.003" /><testcase classname="invest.tests.test_views" name="test_invest_translated_redirects[fr/industries/automotive-supply-chain-/international/content/industries/automotive/?lang=fr]" time="0.002" /><testcase classname="invest.tests.test_views" name="test_invest_translated_redirects[pt/industries/automotive-supply-chain-/international/content/industries/automotive/?lang=pt]" time="0.002" /><testcase classname="invest.tests.test_views" name="test_invest_translated_redirects[zh-hans/industries/automotive-supply-chain-/international/content/industries/automotive/?lang=zh-hans]" time="0.003" /><testcase classname="invest.tests.test_views" name="test_invest_translated_redirects[ar/industries/automotive-supply-chain-/international/content/industries/automotive/]" time="0.002" /><testcase classname="invest.tests.test_views" name="test_invest_translated_redirects[ja/industries/automotive-supply-chain-/international/content/industries/automotive/]" time="0.003" /><testcase classname="invest.tests.test_views" name="test_invest_translated_redirects[energy-/international/content/industries/]" time="0.003" /><testcase classname="invest.tests.test_views" name="test_invest_translated_redirects[es/energy-/international/content/industries/?lang=es]" time="0.003" /><testcase classname="invest.tests.test_views" name="test_invest_translated_redirects[de/energy-/international/content/industries/?lang=de]" time="0.002" /><testcase classname="invest.tests.test_views" name="test_invest_translated_redirects[fr/energy-/international/content/industries/?lang=fr]" time="0.003" /><testcase classname="invest.tests.test_views" name="test_invest_translated_redirects[pt/energy-/international/content/industries/?lang=pt]" time="0.003" /><testcase classname="invest.tests.test_views" name="test_invest_translated_redirects[zh-hans/energy-/international/content/industries/?lang=zh-hans]" time="0.003" /><testcase classname="invest.tests.test_views" name="test_invest_translated_redirects[ar/energy-/international/content/industries/]" time="0.003" /><testcase classname="invest.tests.test_views" name="test_invest_translated_redirects[ja/energy-/international/content/industries/]" time="0.002" /><testcase classname="invest.tests.test_views" name="test_invest_translated_redirects[industries/offshore-wind-energy-/international/content/industries/renewable-energy/]" time="0.002" /><testcase classname="invest.tests.test_views" name="test_invest_translated_redirects[es/industries/offshore-wind-energy-/international/content/industries/renewable-energy/?lang=es]" time="0.002" /><testcase classname="invest.tests.test_views" name="test_invest_translated_redirects[de/industries/offshore-wind-energy-/international/content/industries/renewable-energy/?lang=de]" time="0.002" /><testcase classname="invest.tests.test_views" name="test_invest_translated_redirects[fr/industries/offshore-wind-energy-/international/content/industries/renewable-energy/?lang=fr]" time="0.003" /><testcase classname="invest.tests.test_views" name="test_invest_translated_redirects[pt/industries/offshore-wind-energy-/international/content/industries/renewable-energy/?lang=pt]" time="0.003" /><testcase classname="invest.tests.test_views" name="test_invest_translated_redirects[zh-hans/industries/offshore-wind-energy-/international/content/industries/renewable-energy/?lang=zh-hans]" time="0.003" /><testcase classname="invest.tests.test_views" name="test_invest_translated_redirects[ar/industries/offshore-wind-energy-/international/content/industries/renewable-energy/]" time="0.003" /><testcase classname="invest.tests.test_views" name="test_invest_translated_redirects[ja/industries/offshore-wind-energy-/international/content/industries/renewable-energy/]" time="0.002" /><testcase classname="invest.tests.test_views" name="test_invest_translated_redirects[industries/oil-and-gas-/international/content/invest/industries/oil-and-gas/]" time="0.003" /><testcase classname="invest.tests.test_views" name="test_invest_translated_redirects[es/industries/oil-and-gas-/international/content/invest/industries/oil-and-gas/?lang=es]" time="0.003" /><testcase classname="invest.tests.test_views" name="test_invest_translated_redirects[de/industries/oil-and-gas-/international/content/invest/industries/oil-and-gas/?lang=de]" time="0.003" /><testcase classname="invest.tests.test_views" name="test_invest_translated_redirects[fr/industries/oil-and-gas-/international/content/invest/industries/oil-and-gas/?lang=fr]" time="0.002" /><testcase classname="invest.tests.test_views" name="test_invest_translated_redirects[pt/industries/oil-and-gas-/international/content/invest/industries/oil-and-gas/?lang=pt]" time="0.002" /><testcase classname="invest.tests.test_views" name="test_invest_translated_redirects[zh-hans/industries/oil-and-gas-/international/content/invest/industries/oil-and-gas/?lang=zh-hans]" time="0.002" /><testcase classname="invest.tests.test_views" name="test_invest_translated_redirects[ar/industries/oil-and-gas-/international/content/invest/industries/oil-and-gas/]" time="0.003" /><testcase classname="invest.tests.test_views" name="test_invest_translated_redirects[ja/industries/oil-and-gas-/international/content/invest/industries/oil-and-gas/]" time="0.003" /><testcase classname="invest.tests.test_views" name="test_invest_translated_redirects[industries/electrical-networks-/international/content/industries/]" time="0.003" /><testcase classname="invest.tests.test_views" name="test_invest_translated_redirects[es/industries/electrical-networks-/international/content/industries/?lang=es]" time="0.003" /><testcase classname="invest.tests.test_views" name="test_invest_translated_redirects[de/industries/electrical-networks-/international/content/industries/?lang=de]" time="0.003" /><testcase classname="invest.tests.test_views" name="test_invest_translated_redirects[fr/industries/electrical-networks-/international/content/industries/?lang=fr]" time="0.003" /><testcase classname="invest.tests.test_views" name="test_invest_translated_redirects[pt/industries/electrical-networks-/international/content/industries/?lang=pt]" time="0.002" /><testcase classname="invest.tests.test_views" name="test_invest_translated_redirects[zh-hans/industries/electrical-networks-/international/content/industries/?lang=zh-hans]" time="0.003" /><testcase classname="invest.tests.test_views" name="test_invest_translated_redirects[ar/industries/electrical-networks-/international/content/industries/]" time="0.003" /><testcase classname="invest.tests.test_views" name="test_invest_translated_redirects[ja/industries/electrical-networks-/international/content/industries/]" time="0.002" /><testcase classname="invest.tests.test_views" name="test_invest_translated_redirects[industries/nuclear-energy-/international/content/invest/industries/nuclear-energy/]" time="0.002" /><testcase classname="invest.tests.test_views" name="test_invest_translated_redirects[es/industries/nuclear-energy-/international/content/invest/industries/nuclear-energy/?lang=es]" time="0.003" /><testcase classname="invest.tests.test_views" name="test_invest_translated_redirects[de/industries/nuclear-energy-/international/content/invest/industries/nuclear-energy/?lang=de]" time="0.002" /><testcase classname="invest.tests.test_views" name="test_invest_translated_redirects[fr/industries/nuclear-energy-/international/content/invest/industries/nuclear-energy/?lang=fr]" time="0.003" /><testcase classname="invest.tests.test_views" name="test_invest_translated_redirects[pt/industries/nuclear-energy-/international/content/invest/industries/nuclear-energy/?lang=pt]" time="0.003" /><testcase classname="invest.tests.test_views" name="test_invest_translated_redirects[zh-hans/industries/nuclear-energy-/international/content/invest/industries/nuclear-energy/?lang=zh-hans]" time="0.003" /><testcase classname="invest.tests.test_views" name="test_invest_translated_redirects[ar/industries/nuclear-energy-/international/content/invest/industries/nuclear-energy/]" time="0.003" /><testcase classname="invest.tests.test_views" name="test_invest_translated_redirects[ja/industries/nuclear-energy-/international/content/invest/industries/nuclear-energy/]" time="0.002" /><testcase classname="invest.tests.test_views" name="test_invest_translated_redirects[industries/energy-from-waste-market-/international/content/industries/renewable-energy/]" time="0.003" /><testcase classname="invest.tests.test_views" name="test_invest_translated_redirects[es/industries/energy-from-waste-market-/international/content/industries/renewable-energy/?lang=es]" time="0.003" /><testcase classname="invest.tests.test_views" name="test_invest_translated_redirects[de/industries/energy-from-waste-market-/international/content/industries/renewable-energy/?lang=de]" time="0.004" /><testcase classname="invest.tests.test_views" name="test_invest_translated_redirects[fr/industries/energy-from-waste-market-/international/content/industries/renewable-energy/?lang=fr]" time="0.003" /><testcase classname="invest.tests.test_views" name="test_invest_translated_redirects[pt/industries/energy-from-waste-market-/international/content/industries/renewable-energy/?lang=pt]" time="0.002" /><testcase classname="invest.tests.test_views" name="test_invest_translated_redirects[zh-hans/industries/energy-from-waste-market-/international/content/industries/renewable-energy/?lang=zh-hans]" time="0.003" /><testcase classname="invest.tests.test_views" name="test_invest_translated_redirects[ar/industries/energy-from-waste-market-/international/content/industries/renewable-energy/]" time="0.003" /><testcase classname="invest.tests.test_views" name="test_invest_translated_redirects[ja/industries/energy-from-waste-market-/international/content/industries/renewable-energy/]" time="0.002" /><testcase classname="invest.tests.test_views" name="test_invest_translated_redirects[industries/advanced-manufacturing-/international/content/industries/engineering-and-manufacturing/]" time="0.003" /><testcase classname="invest.tests.test_views" name="test_invest_translated_redirects[es/industries/advanced-manufacturing-/international/content/industries/engineering-and-manufacturing/?lang=es]" time="0.003" /><testcase classname="invest.tests.test_views" name="test_invest_translated_redirects[de/industries/advanced-manufacturing-/international/content/industries/engineering-and-manufacturing/?lang=de]" time="0.003" /><testcase classname="invest.tests.test_views" name="test_invest_translated_redirects[fr/industries/advanced-manufacturing-/international/content/industries/engineering-and-manufacturing/?lang=fr]" time="0.003" /><testcase classname="invest.tests.test_views" name="test_invest_translated_redirects[pt/industries/advanced-manufacturing-/international/content/industries/engineering-and-manufacturing/?lang=pt]" time="0.002" /><testcase classname="invest.tests.test_views" name="test_invest_translated_redirects[zh-hans/industries/advanced-manufacturing-/international/content/industries/engineering-and-manufacturing/?lang=zh-hans]" time="0.002" /><testcase classname="invest.tests.test_views" name="test_invest_translated_redirects[ar/industries/advanced-manufacturing-/international/content/industries/engineering-and-manufacturing/]" time="0.003" /><testcase classname="invest.tests.test_views" name="test_invest_translated_redirects[ja/industries/advanced-manufacturing-/international/content/industries/engineering-and-manufacturing/]" time="0.002" /><testcase classname="invest.tests.test_views" name="test_invest_redirects_persist_querystrings" time="0.002" /><testcase classname="invest.tests.test_views" name="test_invest_redirect_homepage" time="0.002" /><testcase classname="investment_atlas.tests.test_forms" name="test_high_potential_opportunity_form_serialize_data" time="0.003" /><testcase classname="investment_atlas.tests.test_forms" name="test_hpo_form_serialize_data_without_utm_data" time="0.003" /><testcase classname="investment_atlas.tests.test_helpers" name="test_get_sectors_label" time="0.001" /><testcase classname="investment_atlas.tests.test_helpers" name="test_get_sectors_label_undefined_sectors" time="0.002" /><testcase classname="investment_atlas.tests.test_helpers" name="test_get_sectors_label_undefined_sub_sectors" time="0.001" /><testcase classname="investment_atlas.tests.test_helpers" name="test_get_sectors_label_no_sector" time="0.002" /><testcase classname="investment_atlas.tests.test_helpers" name="test_get_sectors_label_no_subsectors" time="0.001" /><testcase classname="investment_atlas.tests.test_helpers" name="test_get_sectors_label_blank_sector" time="0.001" /><testcase classname="investment_atlas.tests.test_helpers" name="test_get_sectors_label_blank_sub_sector" time="0.001" /><testcase classname="investment_atlas.tests.test_templatetags" name="test_update_query[?foo=bar&amp;baz=1-page=3-?foo=bar&amp;amp;baz=1&amp;amp;page=3]" time="0.002" /><testcase classname="investment_atlas.tests.test_templatetags" name="test_update_query[?foo=bar&amp;baz=1&amp;page=2-page=3-?foo=bar&amp;amp;baz=1&amp;amp;page=3]" time="0.002" /><testcase classname="investment_atlas.tests.test_templatetags" name="test_update_query[?page=1-page=3-?page=3]" time="0.002" /><testcase classname="investment_atlas.tests.test_templatetags" name="test_update_query[-page=3-?page=3]" time="0.002" /><testcase classname="investment_atlas.tests.test_templatetags" name="test_update_query[?foo=bar-foo=&quot;&quot;-]" time="0.002" /><testcase classname="investment_atlas.tests.test_templatetags" name="test_update_query[?foo=bar&amp;page=2-foo=&quot;&quot;-?page=2]" time="0.002" /><testcase classname="investment_atlas.tests.test_templatetags" name="test_update_query[?foo=bar&amp;baz=1&amp;page=2-foo=&quot;&quot;-?baz=1&amp;amp;page=2]" time="0.002" /><testcase classname="investment_atlas.tests.test_templatetags" name="test_update_query[?baz=two-foo=&quot;&quot;-?baz=two]" time="0.002" /><testcase classname="investment_atlas.tests.test_templatetags" name="test_collapsible_cms_text[id1-&lt;p&gt;some text&lt;/p&gt;-False-&lt;p&gt;some text&lt;/p&gt;-]" time="0.003" /><testcase classname="investment_atlas.tests.test_templatetags" name="test_collapsible_cms_text[id2-&lt;p&gt;some text&lt;/p&gt;&lt;hr&gt;&lt;p&gt;more text&lt;/p&gt;-True-&lt;p&gt;some text&lt;/p&gt;-&lt;p&gt;more text&lt;/p&gt;]" time="0.003" /><testcase classname="investment_atlas.tests.test_templatetags" name="test_collapsible_cms_text[id3-&lt;p&gt;some text&lt;/p&gt;&lt;hr&gt;-False-&lt;p&gt;some text&lt;/p&gt;-]" time="0.002" /><testcase classname="investment_atlas.tests.test_templatetags" name="test_collapsible_cms_text[id4-&lt;p&gt;some text&lt;/p&gt;&lt;hr&gt;&lt;p&gt;more text&lt;/p&gt;&lt;hr&gt;&lt;p&gt;even more text&lt;/p&gt;-True-&lt;p&gt;some text&lt;/p&gt;-&lt;p&gt;more text&lt;/p&gt;&lt;hr/&gt;&lt;p&gt;even more text&lt;/p&gt;]" time="0.003" /><testcase classname="investment_atlas.tests.test_templatetags" name="test_collapsible_cms_text[id5-&lt;p&gt;some text&lt;/p&gt;&lt;hr/&gt;&lt;p&gt;more text&lt;/p&gt;-True-&lt;p&gt;some text&lt;/p&gt;-&lt;p&gt;more text&lt;/p&gt;]" time="0.003" /><testcase classname="investment_atlas.tests.test_templatetags" name="test_get_map_pool_id" time="0.001" /><testcase classname="investment_atlas.tests.test_templatetags" name="test_cms_url" time="0.002" /><testcase classname="investment_atlas.tests.test_templatetags" name="test_chosen_filters_multiple[/page-url?foo=One-foo-chosen_filters0-False-remove_urls0]" time="0.003" /><testcase classname="investment_atlas.tests.test_templatetags" name="test_chosen_filters_multiple[/page-url?foo=One&amp;foo=Two-foo-chosen_filters1-True-remove_urls1]" time="0.002" /><testcase classname="investment_atlas.tests.test_templatetags" name="test_chosen_filters_multiple[/?foo=One&amp;foo=Two&amp;foo=Three-foo-chosen_filters2-True-remove_urls2]" time="0.002" /><testcase classname="investment_atlas.tests.test_templatetags" name="test_chosen_filters_multiple[/?foo=One&amp;bar=baz-foo-chosen_filters3-False-remove_urls3]" time="0.002" /><testcase classname="investment_atlas.tests.test_templatetags" name="test_chosen_filter_empty" time="0.002" /><testcase classname="investment_atlas.tests.test_views" name="test_atlas_opportunities_num_of_results" time="0.011" /><testcase classname="investment_atlas.tests.test_views" name="test_atlas_opportunities_num_of_results_singular" time="0.006" /><testcase classname="investment_atlas.tests.test_views" name="test_atlas_opportunities_num_of_results_includes_investment_type_selected" time="0.008" /><testcase classname="investment_atlas.tests.test_views" name="test_get_sorting_filters_chosen_for_opportunity_search" time="0.003" /><testcase classname="investment_atlas.tests.test_views" name="test_goes_to_page_one_if_page_num_too_big_for_opportunity_search" time="0.002" /><testcase classname="investment_atlas.tests.test_views" name="test_goes_to_page_one_if_page_num_not_a_num_for_opportunity_search" time="0.002" /><testcase classname="investment_atlas.tests.test_views" name="test_when_no_opportunity_list_in_page_for_opportunity_search" time="0.002" /><testcase classname="investment_atlas.tests.test_views" name="test_atlas_opportunities_shows_only_investment_type_selector" time="0.028" /><testcase classname="investment_atlas.tests.test_views" name="test_investment_type_filter_for_opportunity_search" time="0.003" /><testcase classname="investment_atlas.tests.test_views" name="test_atlas_opportunities_shows_sector_with_count_and_region_filters_for_foreign_direct_investment_search" time="0.003" /><testcase classname="investment_atlas.tests.test_views" name="test_atlas_opportunities_shows_sub_sector_with_count_and_regions_filters_for_not_foreign_direct_investment_type" time="0.003" /><testcase classname="investment_atlas.tests.test_views" name="test_planning_status_filter_for_opportunity_search" time="0.000"><skipped type="pytest.skip" message="The planning status and scales filters are currently disabled.">/Users/davidurquhart/great/great-international-ui/investment_atlas/tests/test_views.py:258: The planning status and scales filters are currently disabled.</skipped></testcase><testcase classname="investment_atlas.tests.test_views" name="test_atlas_opportunities_shows_selected_filters" time="0.043" /><testcase classname="investment_atlas.tests.test_views" name="test_atlas_opportunities_applies_region_filter" time="0.003" /><testcase classname="investment_atlas.tests.test_views" name="test_atlas_opportunities_applies_sector_filter" time="0.002" /><testcase classname="investment_atlas.tests.test_views" name="test_atlas_opportunities_applies_sub_sector_filter" time="0.003" /><testcase classname="investment_atlas.tests.test_views" name="test_atlas_opportunities_defaults_to_list_with_feature_off" time="0.012" /><testcase classname="investment_atlas.tests.test_views" name="test_atlas_opportunities_map_view_shows_all_results" time="0.011" /><testcase classname="investment_atlas.tests.test_views" name="test_atlas_opportunities_map_view_shows_no_results_as_list" time="0.008" /><testcase classname="investment_atlas.tests.test_views" name="test_opportunity_detail" time="0.010" /><testcase classname="investment_atlas.tests.test_views" name="test_opportunity_detail_not_found" time="0.006" /><testcase classname="investment_atlas.tests.test_views" name="test_opportunity_detail_cms_retrieval_ok" time="0.006" /><testcase classname="investment_atlas.tests.test_views" name="test_opportunity_detail_cms_retrieval_not_ok" time="0.015" /><testcase classname="investment_atlas.tests.test_views" name="test_foreign_direct_investment_form" time="0.034" /><testcase classname="investment_atlas.tests.test_views" name="test_foreign_direct_investment_form_not_found" time="0.005" /><testcase classname="investment_atlas.tests.test_views" name="test_foreign_direct_investment_form_cms_retrieval_ok" time="0.032" /><testcase classname="investment_atlas.tests.test_views" name="test_foreign_direct_investment_form_cms_retrieval_not_ok" time="0.015" /><testcase classname="investment_atlas.tests.test_views" name="test_foreign_direct_investment_form_submmit_cms_retrieval_ok" time="0.005" /><testcase classname="investment_atlas.tests.test_views" name="test_foreign_direct_investment_form_get_success_page_no_session" time="0.000"><skipped type="pytest.skip" message="Skipped because we're currently not redirecting if there is no session data, because we don't need that data until we start passing around PDF download URLs again">/Users/davidurquhart/great/great-international-ui/investment_atlas/tests/test_views.py:580: Skipped because we're currently not redirecting if there is no session data, because we don't need that data until we start passing around PDF download URLs again</skipped></testcase><testcase classname="investment_atlas.tests.test_views" name="test_foreign_direct_investment_form_get_success_page_with_session" time="0.000"><skipped type="pytest.skip" message="Skipped because we're currently not parking selected opps in session data, because we don't need that data until we start passing around PDF download URLs again">/Users/davidurquhart/great/great-international-ui/investment_atlas/tests/test_views.py:593: Skipped because we're currently not parking selected opps in session data, because we don't need that data until we start passing around PDF download URLs again</skipped></testcase><testcase classname="investment_support_directory.tests.test_forms" name="test_company_search_form_expertise_products_services" time="0.003" /><testcase classname="investment_support_directory.tests.test_forms" name="test_company_search_form_clean_human_resources_for_waf_error_403" time="0.003" /><testcase classname="investment_support_directory.tests.test_forms" name="test_company_search_form_page_present" time="0.003" /><testcase classname="investment_support_directory.tests.test_forms" name="test_company_search_form_page_missing" time="0.003" /><testcase classname="investment_support_directory.tests.test_forms" name="test_minimum_viable_search[data0]" time="0.004" /><testcase classname="investment_support_directory.tests.test_forms" name="test_minimum_viable_search[data1]" time="0.003" /><testcase classname="investment_support_directory.tests.test_forms" name="test_minimum_viable_search[data2]" time="0.003" /><testcase classname="investment_support_directory.tests.test_forms" name="test_minimum_viable_search[data3]" time="0.003" /><testcase classname="investment_support_directory.tests.test_forms" name="test_minimum_viable_search[data4]" time="0.003" /><testcase classname="investment_support_directory.tests.test_forms" name="test_minimum_viable_search[data5]" time="0.003" /><testcase classname="investment_support_directory.tests.test_forms" name="test_minimum_viable_search[data6]" time="0.003" /><testcase classname="investment_support_directory.tests.test_forms" name="test_minimum_viable_search[data7]" time="0.003" /><testcase classname="investment_support_directory.tests.test_forms" name="test_minimum_viable_search[data8]" time="0.003" /><testcase classname="investment_support_directory.tests.test_forms" name="test_minimum_viable_search[data9]" time="0.003" /><testcase classname="investment_support_directory.tests.test_forms" name="test_minimum_viable_search[data10]" time="0.003" /><testcase classname="investment_support_directory.tests.test_helpers" name="test_get_paginator_url" time="0.003" /><testcase classname="investment_support_directory.tests.test_helpers" name="test_get_paginator_url_multiple_filters" time="0.001" /><testcase classname="investment_support_directory.tests.test_helpers" name="test_get_paginator_url_403_friendly" time="0.001" /><testcase classname="investment_support_directory.tests.test_views" name="test_profile" time="0.011" /><testcase classname="investment_support_directory.tests.test_views" name="test_profile_querystring" time="0.010" /><testcase classname="investment_support_directory.tests.test_views" name="test_profile_slug_redirect" time="0.003" /><testcase classname="investment_support_directory.tests.test_views" name="test_trade_redirect" time="0.003" /><testcase classname="investment_support_directory.tests.test_views" name="test_profile_calls_api" time="0.009" /><testcase classname="investment_support_directory.tests.test_views" name="test_get_profile_404_non_investment_support_directory" time="0.005" /><testcase classname="investment_support_directory.tests.test_views" name="test_home_page_context_data" time="0.013" /><testcase classname="investment_support_directory.tests.test_views" name="test_home_page_redirect" time="0.003" /><testcase classname="investment_support_directory.tests.test_views" name="test_home_page_show_guide" time="0.147" /><testcase classname="investment_support_directory.tests.test_views" name="test_home_page_hide_guide" time="0.194" /><testcase classname="investment_support_directory.tests.test_views" name="test_search_submit_form_on_get" time="0.146" /><testcase classname="investment_support_directory.tests.test_views" name="test_company_search_pagination_count" time="0.196" /><testcase classname="investment_support_directory.tests.test_views" name="test_company_search_pagination_param" time="0.156" /><testcase classname="investment_support_directory.tests.test_views" name="test_company_search_pagination_empty_page" time="0.005" /><testcase classname="investment_support_directory.tests.test_views" name="test_company_search_not_submit_without_params" time="0.145" /><testcase classname="investment_support_directory.tests.test_views" name="test_company_search_api_call_error" time="0.016" /><testcase classname="investment_support_directory.tests.test_views" name="test_company_search_api_success" time="0.199" /><testcase classname="investment_support_directory.tests.test_views" name="test_company_search_querystring" time="0.149" /><testcase classname="investment_support_directory.tests.test_views" name="test_company_search_response_no_highlight" time="0.147" /><testcase classname="investment_support_directory.tests.test_views" name="test_company_highlight_description" time="0.206" /><testcase classname="investment_support_directory.tests.test_views" name="test_company_search_highlight_summary" time="0.151" /><testcase classname="investment_support_directory.tests.test_views" name="test_contact_company" time="0.005" /><testcase classname="investment_support_directory.tests.test_views" name="test_contact_company_success" time="0.008" /><testcase classname="investment_support_directory.tests.test_views" name="test_case_study_exposes_context" time="0.027" /><testcase classname="investment_support_directory.tests.test_views" name="test_case_study_calls_api" time="0.028" /><testcase classname="investment_support_directory.tests.test_views" name="test_case_study_different_slug_redirected" time="0.003" /><testcase classname="investment_support_directory.tests.test_views" name="test_case_study_missing_slug_redirected" time="0.003" /><testcase classname="investment_support_directory.tests.test_views" name="test_case_study_same_slug_not_redirected" time="0.027" /><testcase classname="investment_support_directory.tests.test_views" name="test_case_study_handles_bad_status" time="0.016" /><testcase classname="investment_support_directory.tests.test_views" name="test_case_study_handles_404" time="0.005" /><testcase classname="perfect_fit_prospectus.tests.test_views" name="test_perfect_fit_main_view_get" time="0.011" /><testcase classname="perfect_fit_prospectus.tests.test_views" name="test_perfect_fit_main_view_get_error" time="0.016" /><testcase classname="perfect_fit_prospectus.tests.test_views" name="test_perfect_fit_main_view_post_client_error" time="0.017" /><testcase classname="perfect_fit_prospectus.tests.test_views" name="test_perfect_fit_main_view_post_valid_data" time="0.013" /><testcase classname="perfect_fit_prospectus.tests.test_views" name="test_perfect_fit_report_proxy_view_success" time="0.004" /><testcase classname="perfect_fit_prospectus.tests.test_views" name="test_perfect_fit_report_proxy_view_key_not_found" time="0.007" /><testcase classname="second_qualification.tests.test_form" name="test_second_qualification_form_required" time="0.002" /><testcase classname="second_qualification.tests.test_form" name="test_second_qualification_form_accept_valid_data" time="0.002" /><testcase classname="second_qualification.tests.test_form" name="test_save_calls_send_email" time="0.002" /><testcase classname="second_qualification.tests.test_form" name="test_send_agent_email" time="0.003" /><testcase classname="second_qualification.tests.test_form" name="test_render_agent_email_context" time="0.002" /><testcase classname="second_qualification.tests.test_views" name="test_second_qualification_form_success" time="0.003" /><testcase classname="second_qualification.tests.test_views" name="test_second_qualification_success" time="0.002" /><testcase classname="second_qualification.tests.test_views" name="test_second_qualification_invalid" time="0.003" /><testcase classname="second_qualification.tests.test_views" name="test_invest_contact_form_view" time="0.059" /></testsuite></testsuites>